nohup: ignoring input
[Data] /mnt/engg-leung/Research_No9_Methane_Emissions/Yuyao/finalDataset/manifest_multisensor_crop_scheme2_train_s5p_replaced_plus_s5p_only_old2025_s5p_balanced_by_plumeid.csv: requested columns ('path_t0', 'path_t90', 'path_t360') not found; using wide-table S5P columns ('s5p_0_path', 's5p_90_path', 's5p_360_path').
[Data] /home/yuyao/panopticon/manifest_multisensor_crop_scheme2_test_s5p_replaced_plus_s5p_only_old2025_with_pred_correct_filtered_overlapfixed.csv: requested columns ('path_t0', 'path_t90', 'path_t360') not found; using wide-table S5P columns ('s5p_0_path', 's5p_90_path', 's5p_360_path').
/home/yuyao/panopticon/universal_models_fusion/dino_classifier_head_s5p_temporal_one_block.py:220: DtypeWarning: Columns (10,11,12,13,14,15,16,17,18,19,20,21) have mixed types. Specify dtype option on import or set low_memory=False.
  self.df = pd.read_csv(csv_path)
/home/yuyao/panopticon/universal_models_fusion/dino_classifier_head_s5p_temporal_one_block.py:537: UserWarning: Boolean Series key will be reindexed to match DataFrame index.
  filtered_df = filtered_df[valid_masks[col]]
[Data] train: no rows with all temporal columns valid for ('s5p_0_path', 's5p_90_path', 's5p_360_path'); falling back to single-column S5P mode using 's5p_0_path' (32356 rows).
[Data] train: kept 32356/135175 rows for S5P using path columns ('s5p_0_path',).
/home/yuyao/panopticon/universal_models_fusion/dino_classifier_head_s5p_temporal_one_block.py:220: DtypeWarning: Columns (10,11,12,13,14,15,16,17,18,19,20,21) have mixed types. Specify dtype option on import or set low_memory=False.
  self.df = pd.read_csv(csv_path)
/home/yuyao/panopticon/universal_models_fusion/dino_classifier_head_s5p_temporal_one_block.py:537: UserWarning: Boolean Series key will be reindexed to match DataFrame index.
  filtered_df = filtered_df[valid_masks[col]]
[Data] test: no rows with all temporal columns valid for ('s5p_0_path', 's5p_90_path', 's5p_360_path'); falling back to single-column S5P mode using 's5p_0_path' (8173 rows).
[Data] test: kept 8173/33657 rows for S5P using path columns ('s5p_0_path',).
Loaded overlap flags from 'overlap_mode': overlap=164, single=8009
[Cache] Warming up (target: 8070)...
[Cache] Warmup complete. Cached: 7944, Remote: 126
Using device=cuda:0, resize=224, train_samples=32356, test_samples=8173, norm_stats=provided, nan_to_num=0.0, train_backbone=True
/home/yuyao/panopticon/dinov2/layers/swiglu_ffn.py:45: UserWarning: xFormers is disabled (SwiGLU)
  warnings.warn("xFormers is disabled (SwiGLU)")
/home/yuyao/panopticon/dinov2/layers/swiglu_ffn.py:51: UserWarning: xFormers is not available (SwiGLU)
  warnings.warn("xFormers is not available (SwiGLU)")
/home/yuyao/panopticon/dinov2/layers/attention.py:30: UserWarning: xFormers is disabled (Attention)
  warnings.warn("xFormers is disabled (Attention)")
/home/yuyao/panopticon/dinov2/layers/attention.py:34: UserWarning: xFormers is not available (Attention)
  warnings.warn("xFormers is not available (Attention)")
/home/yuyao/panopticon/dinov2/layers/block.py:35: UserWarning: xFormers is disabled (Block)
  warnings.warn("xFormers is disabled (Block)")
/home/yuyao/panopticon/dinov2/layers/block.py:40: UserWarning: xFormers is not available (Block)
  warnings.warn("xFormers is not available (Block)")
Loading checkpoint from weights/panopticon_vitb14_teacher.pth
Epoch 1 step 100/1012 train_loss=0.7612 train_acc=0.4128
Epoch 1 step 200/1012 train_loss=0.7370 train_acc=0.4673
Epoch 1 step 300/1012 train_loss=0.7193 train_acc=0.5076
Epoch 1 step 400/1012 train_loss=0.7045 train_acc=0.5359
Epoch 1 step 500/1012 train_loss=0.6919 train_acc=0.5562
Epoch 1 step 600/1012 train_loss=0.6814 train_acc=0.5715
Epoch 1 step 700/1012 train_loss=0.6723 train_acc=0.5855
Epoch 1 step 800/1012 train_loss=0.6648 train_acc=0.5952
Epoch 1 step 900/1012 train_loss=0.6585 train_acc=0.6026
Epoch 1 step 1000/1012 train_loss=0.6515 train_acc=0.6110
Epoch 1: train_loss=0.6508 train_acc=0.6117 test_loss=0.6756
  test_overall: count=8173 acc=0.5778 fpr=0.4455 recall=0.5996 auroc=0.6311
  test_single: count=8009 acc=0.5761 fpr=0.4489 recall=0.5996 auroc=0.6309
  test_overlap: count=164 acc=0.6585 fpr=0.2857 recall=0.6000 auroc=0.6548
[Checkpoint] Saved best model to checkpoints/dino_classifier_head_s5p_temporal_one_block_best.pt (epoch=1, test_acc=0.577756, mode=max).
Epoch 2 step 100/1012 train_loss=0.5836 train_acc=0.6900
Epoch 2 step 200/1012 train_loss=0.5876 train_acc=0.6905
Epoch 2 step 300/1012 train_loss=0.5873 train_acc=0.6882
Epoch 2 step 400/1012 train_loss=0.5831 train_acc=0.6940
Epoch 2 step 500/1012 train_loss=0.5787 train_acc=0.6983
Epoch 2 step 600/1012 train_loss=0.5760 train_acc=0.7009
Epoch 2 step 700/1012 train_loss=0.5722 train_acc=0.7036
Epoch 2 step 800/1012 train_loss=0.5672 train_acc=0.7073
Epoch 2 step 900/1012 train_loss=0.5640 train_acc=0.7116
Epoch 2 step 1000/1012 train_loss=0.5614 train_acc=0.7139
Epoch 2: train_loss=0.5607 train_acc=0.7146 test_loss=0.6817
  test_overall: count=8173 acc=0.6353 fpr=0.5932 recall=0.8500 auroc=0.6890
  test_single: count=8009 acc=0.6392 fpr=0.5867 recall=0.8510 auroc=0.6940
  test_overlap: count=164 acc=0.4451 fpr=0.8929 recall=0.8000 auroc=0.3548
[Checkpoint] Saved best model to checkpoints/dino_classifier_head_s5p_temporal_one_block_best.pt (epoch=2, test_acc=0.635262, mode=max).
Epoch 3 step 100/1012 train_loss=0.5193 train_acc=0.7534
Epoch 3 step 200/1012 train_loss=0.5085 train_acc=0.7623
Epoch 3 step 300/1012 train_loss=0.5076 train_acc=0.7615
Epoch 3 step 400/1012 train_loss=0.5027 train_acc=0.7682
Epoch 3 step 500/1012 train_loss=0.4974 train_acc=0.7725
Epoch 3 step 600/1012 train_loss=0.4922 train_acc=0.7780
Epoch 3 step 700/1012 train_loss=0.4863 train_acc=0.7819
Epoch 3 step 800/1012 train_loss=0.4795 train_acc=0.7865
Epoch 3 step 900/1012 train_loss=0.4746 train_acc=0.7904
Epoch 3 step 1000/1012 train_loss=0.4704 train_acc=0.7936
Epoch 3: train_loss=0.4701 train_acc=0.7939 test_loss=0.7470
  test_overall: count=8173 acc=0.6080 fpr=0.4301 recall=0.6437 auroc=0.6671
  test_single: count=8009 acc=0.6109 fpr=0.4249 recall=0.6446 auroc=0.6719
  test_overlap: count=164 acc=0.4634 fpr=0.6667 recall=0.6000 auroc=0.4190
Epoch 4 step 100/1012 train_loss=0.4119 train_acc=0.8400
Epoch 4 step 200/1012 train_loss=0.4102 train_acc=0.8428
Epoch 4 step 300/1012 train_loss=0.4017 train_acc=0.8464
Epoch 4 step 400/1012 train_loss=0.3955 train_acc=0.8492
Epoch 4 step 500/1012 train_loss=0.3899 train_acc=0.8529
Epoch 4 step 600/1012 train_loss=0.3868 train_acc=0.8555
Epoch 4 step 700/1012 train_loss=0.3825 train_acc=0.8591
Epoch 4 step 800/1012 train_loss=0.3794 train_acc=0.8608
Epoch 4 step 900/1012 train_loss=0.3769 train_acc=0.8625
Epoch 4 step 1000/1012 train_loss=0.3733 train_acc=0.8646
Epoch 4: train_loss=0.3724 train_acc=0.8653 test_loss=0.8248
  test_overall: count=8173 acc=0.6003 fpr=0.4399 recall=0.6380 auroc=0.6612
  test_single: count=8009 acc=0.6021 fpr=0.4370 recall=0.6388 auroc=0.6633
  test_overlap: count=164 acc=0.5122 fpr=0.5714 recall=0.6000 auroc=0.5738
Epoch 5 step 100/1012 train_loss=0.3188 train_acc=0.8984
Epoch 5 step 200/1012 train_loss=0.3181 train_acc=0.8983
Epoch 5 step 300/1012 train_loss=0.3184 train_acc=0.8978
Epoch 5 step 400/1012 train_loss=0.3178 train_acc=0.8996
Epoch 5 step 500/1012 train_loss=0.3147 train_acc=0.9016
Epoch 5 step 600/1012 train_loss=0.3132 train_acc=0.9024
Epoch 5 step 700/1012 train_loss=0.3107 train_acc=0.9036
Epoch 5 step 800/1012 train_loss=0.3095 train_acc=0.9040
Epoch 5 step 900/1012 train_loss=0.3075 train_acc=0.9054
Epoch 5 step 1000/1012 train_loss=0.3053 train_acc=0.9069
Epoch 5: train_loss=0.3050 train_acc=0.9070 test_loss=0.8614
  test_overall: count=8173 acc=0.6454 fpr=0.4525 recall=0.7375 auroc=0.6817
  test_single: count=8009 acc=0.6505 fpr=0.4492 recall=0.7440 auroc=0.6862
  test_overlap: count=164 acc=0.3963 fpr=0.6071 recall=0.4000 auroc=0.4143
[Checkpoint] Saved best model to checkpoints/dino_classifier_head_s5p_temporal_one_block_best.pt (epoch=5, test_acc=0.645418, mode=max).
Epoch 6 step 100/1012 train_loss=0.2702 train_acc=0.9244
Epoch 6 step 200/1012 train_loss=0.2704 train_acc=0.9219
Epoch 6 step 300/1012 train_loss=0.2671 train_acc=0.9258
Epoch 6 step 400/1012 train_loss=0.2638 train_acc=0.9278
Epoch 6 step 500/1012 train_loss=0.2617 train_acc=0.9289
Epoch 6 step 600/1012 train_loss=0.2639 train_acc=0.9273
Epoch 6 step 700/1012 train_loss=0.2656 train_acc=0.9265
Epoch 6 step 800/1012 train_loss=0.2636 train_acc=0.9281
Epoch 6 step 900/1012 train_loss=0.2628 train_acc=0.9283
Epoch 6 step 1000/1012 train_loss=0.2624 train_acc=0.9283
Epoch 6: train_loss=0.2621 train_acc=0.9284 test_loss=0.8618
  test_overall: count=8173 acc=0.6169 fpr=0.3634 recall=0.5984 auroc=0.6836
  test_single: count=8009 acc=0.6211 fpr=0.3630 recall=0.6061 auroc=0.6887
  test_overlap: count=164 acc=0.4146 fpr=0.3810 recall=0.2000 auroc=0.4381
Epoch 7 step 100/1012 train_loss=0.2312 train_acc=0.9434
Epoch 7 step 200/1012 train_loss=0.2350 train_acc=0.9419
Epoch 7 step 300/1012 train_loss=0.2357 train_acc=0.9406
Epoch 7 step 400/1012 train_loss=0.2361 train_acc=0.9406
Epoch 7 step 500/1012 train_loss=0.2366 train_acc=0.9409
Epoch 7 step 600/1012 train_loss=0.2378 train_acc=0.9399
Epoch 7 step 700/1012 train_loss=0.2375 train_acc=0.9404
Epoch 7 step 800/1012 train_loss=0.2367 train_acc=0.9411
Epoch 7 step 900/1012 train_loss=0.2369 train_acc=0.9412
Epoch 7 step 1000/1012 train_loss=0.2370 train_acc=0.9412
Epoch 7: train_loss=0.2370 train_acc=0.9411 test_loss=0.9213
  test_overall: count=8173 acc=0.6016 fpr=0.3874 recall=0.5913 auroc=0.6620
  test_single: count=8009 acc=0.6074 fpr=0.3793 recall=0.5950 auroc=0.6680
  test_overlap: count=164 acc=0.3171 fpr=0.7619 recall=0.4000 auroc=0.3381
Epoch 8 step 100/1012 train_loss=0.2295 train_acc=0.9450
Epoch 8 step 200/1012 train_loss=0.2198 train_acc=0.9498
Epoch 8 step 300/1012 train_loss=0.2172 train_acc=0.9510
Epoch 8 step 400/1012 train_loss=0.2195 train_acc=0.9511
Epoch 8 step 500/1012 train_loss=0.2196 train_acc=0.9509
Epoch 8 step 600/1012 train_loss=0.2191 train_acc=0.9512
Epoch 8 step 700/1012 train_loss=0.2207 train_acc=0.9504
Epoch 8 step 800/1012 train_loss=0.2210 train_acc=0.9501
Epoch 8 step 900/1012 train_loss=0.2199 train_acc=0.9507
Epoch 8 step 1000/1012 train_loss=0.2199 train_acc=0.9506
Epoch 8: train_loss=0.2197 train_acc=0.9506 test_loss=0.9667
  test_overall: count=8173 acc=0.6126 fpr=0.3379 recall=0.5661 auroc=0.6552
  test_single: count=8009 acc=0.6167 fpr=0.3328 recall=0.5693 auroc=0.6591
  test_overlap: count=164 acc=0.4146 fpr=0.5714 recall=0.4000 auroc=0.4786
Epoch 9 step 100/1012 train_loss=0.2148 train_acc=0.9559
Epoch 9 step 200/1012 train_loss=0.2171 train_acc=0.9509
Epoch 9 step 300/1012 train_loss=0.2160 train_acc=0.9516
Epoch 9 step 400/1012 train_loss=0.2148 train_acc=0.9516
Epoch 9 step 500/1012 train_loss=0.2133 train_acc=0.9521
Epoch 9 step 600/1012 train_loss=0.2116 train_acc=0.9524
Epoch 9 step 700/1012 train_loss=0.2093 train_acc=0.9538
Epoch 9 step 800/1012 train_loss=0.2084 train_acc=0.9543
Epoch 9 step 900/1012 train_loss=0.2091 train_acc=0.9542
Epoch 9 step 1000/1012 train_loss=0.2082 train_acc=0.9550
Epoch 9: train_loss=0.2081 train_acc=0.9551 test_loss=0.9418
  test_overall: count=8173 acc=0.6345 fpr=0.3879 recall=0.6556 auroc=0.6862
  test_single: count=8009 acc=0.6390 fpr=0.3839 recall=0.6605 auroc=0.6895
  test_overlap: count=164 acc=0.4146 fpr=0.5714 recall=0.4000 auroc=0.5143
Epoch 10 step 100/1012 train_loss=0.1963 train_acc=0.9603
Epoch 10 step 200/1012 train_loss=0.1960 train_acc=0.9605
Epoch 10 step 300/1012 train_loss=0.1979 train_acc=0.9598
Epoch 10 step 400/1012 train_loss=0.2002 train_acc=0.9578
Epoch 10 step 500/1012 train_loss=0.1999 train_acc=0.9577
Epoch 10 step 600/1012 train_loss=0.2001 train_acc=0.9574
Epoch 10 step 700/1012 train_loss=0.1995 train_acc=0.9577
Epoch 10 step 800/1012 train_loss=0.1999 train_acc=0.9580
Epoch 10 step 900/1012 train_loss=0.1999 train_acc=0.9581
Epoch 10 step 1000/1012 train_loss=0.2000 train_acc=0.9580
Epoch 10: train_loss=0.2002 train_acc=0.9580 test_loss=0.9391
  test_overall: count=8173 acc=0.5916 fpr=0.3409 recall=0.5281 auroc=0.6717
  test_single: count=8009 acc=0.5932 fpr=0.3400 recall=0.5306 auroc=0.6737
  test_overlap: count=164 acc=0.5122 fpr=0.3810 recall=0.4000 auroc=0.5429
Epoch 11 step 100/1012 train_loss=0.1851 train_acc=0.9681
Epoch 11 step 200/1012 train_loss=0.1874 train_acc=0.9656
Epoch 11 step 300/1012 train_loss=0.1852 train_acc=0.9664
Epoch 11 step 400/1012 train_loss=0.1860 train_acc=0.9655
Epoch 11 step 500/1012 train_loss=0.1881 train_acc=0.9643
Epoch 11 step 600/1012 train_loss=0.1895 train_acc=0.9637
Epoch 11 step 700/1012 train_loss=0.1910 train_acc=0.9633
Epoch 11 step 800/1012 train_loss=0.1922 train_acc=0.9629
Epoch 11 step 900/1012 train_loss=0.1932 train_acc=0.9618
Epoch 11 step 1000/1012 train_loss=0.1928 train_acc=0.9619
Epoch 11: train_loss=0.1929 train_acc=0.9619 test_loss=0.9515
  test_overall: count=8173 acc=0.6241 fpr=0.2972 recall=0.5502 auroc=0.6772
  test_single: count=8009 acc=0.6284 fpr=0.2913 recall=0.5531 auroc=0.6826
  test_overlap: count=164 acc=0.4146 fpr=0.5714 recall=0.4000 auroc=0.4238
Epoch 12 step 100/1012 train_loss=0.1879 train_acc=0.9663
Epoch 12 step 200/1012 train_loss=0.1883 train_acc=0.9672
Epoch 12 step 300/1012 train_loss=0.1855 train_acc=0.9668
Epoch 12 step 400/1012 train_loss=0.1863 train_acc=0.9658
Epoch 12 step 500/1012 train_loss=0.1860 train_acc=0.9656
Epoch 12 step 600/1012 train_loss=0.1858 train_acc=0.9658
Epoch 12 step 700/1012 train_loss=0.1864 train_acc=0.9657
Epoch 12 step 800/1012 train_loss=0.1866 train_acc=0.9657
Epoch 12 step 900/1012 train_loss=0.1866 train_acc=0.9657
Epoch 12 step 1000/1012 train_loss=0.1873 train_acc=0.9650
Epoch 12: train_loss=0.1873 train_acc=0.9650 test_loss=0.9522
  test_overall: count=8173 acc=0.6054 fpr=0.3341 recall=0.5485 auroc=0.6737
  test_single: count=8009 acc=0.6118 fpr=0.3279 recall=0.5553 auroc=0.6772
  test_overlap: count=164 acc=0.2927 fpr=0.6190 recall=0.2000 auroc=0.4571
Epoch 13 step 100/1012 train_loss=0.1807 train_acc=0.9675
Epoch 13 step 200/1012 train_loss=0.1802 train_acc=0.9678
Epoch 13 step 300/1012 train_loss=0.1808 train_acc=0.9678
Epoch 13 step 400/1012 train_loss=0.1808 train_acc=0.9677
Epoch 13 step 500/1012 train_loss=0.1819 train_acc=0.9673
Epoch 13 step 600/1012 train_loss=0.1823 train_acc=0.9671
Epoch 13 step 700/1012 train_loss=0.1824 train_acc=0.9673
Epoch 13 step 800/1012 train_loss=0.1823 train_acc=0.9672
Epoch 13 step 900/1012 train_loss=0.1825 train_acc=0.9672
Epoch 13 step 1000/1012 train_loss=0.1825 train_acc=0.9671
Epoch 13: train_loss=0.1827 train_acc=0.9669 test_loss=0.9390
  test_overall: count=8173 acc=0.6102 fpr=0.3071 recall=0.5324 auroc=0.6859
  test_single: count=8009 acc=0.6127 fpr=0.3044 recall=0.5350 auroc=0.6905
  test_overlap: count=164 acc=0.4878 fpr=0.4286 recall=0.4000 auroc=0.4476
Epoch 14 step 100/1012 train_loss=0.1736 train_acc=0.9719
Epoch 14 step 200/1012 train_loss=0.1734 train_acc=0.9709
Epoch 14 step 300/1012 train_loss=0.1738 train_acc=0.9715
Epoch 14 step 400/1012 train_loss=0.1756 train_acc=0.9696
Epoch 14 step 500/1012 train_loss=0.1762 train_acc=0.9691
Epoch 14 step 600/1012 train_loss=0.1780 train_acc=0.9676
Epoch 14 step 700/1012 train_loss=0.1791 train_acc=0.9671
Epoch 14 step 800/1012 train_loss=0.1796 train_acc=0.9670
Epoch 14 step 900/1012 train_loss=0.1788 train_acc=0.9676
Epoch 14 step 1000/1012 train_loss=0.1789 train_acc=0.9674
Epoch 14: train_loss=0.1790 train_acc=0.9673 test_loss=0.9976
  test_overall: count=8173 acc=0.5998 fpr=0.3586 recall=0.5606 auroc=0.6665
  test_single: count=8009 acc=0.6036 fpr=0.3581 recall=0.5676 auroc=0.6699
  test_overlap: count=164 acc=0.4146 fpr=0.3810 recall=0.2000 auroc=0.5071
Epoch 15 step 100/1012 train_loss=0.1669 train_acc=0.9725
Epoch 15 step 200/1012 train_loss=0.1688 train_acc=0.9727
Epoch 15 step 300/1012 train_loss=0.1705 train_acc=0.9726
Epoch 15 step 400/1012 train_loss=0.1734 train_acc=0.9713
Epoch 15 step 500/1012 train_loss=0.1745 train_acc=0.9706
Epoch 15 step 600/1012 train_loss=0.1739 train_acc=0.9709
Epoch 15 step 700/1012 train_loss=0.1737 train_acc=0.9709
Epoch 15 step 800/1012 train_loss=0.1743 train_acc=0.9704
Epoch 15 step 900/1012 train_loss=0.1754 train_acc=0.9695
Epoch 15 step 1000/1012 train_loss=0.1758 train_acc=0.9692
Epoch 15: train_loss=0.1761 train_acc=0.9690 test_loss=0.9508
  test_overall: count=8173 acc=0.6179 fpr=0.3437 recall=0.5818 auroc=0.6734
  test_single: count=8009 acc=0.6245 fpr=0.3377 recall=0.5892 auroc=0.6794
  test_overlap: count=164 acc=0.2927 fpr=0.6190 recall=0.2000 auroc=0.4095
Epoch 16 step 100/1012 train_loss=0.1704 train_acc=0.9719
Epoch 16 step 200/1012 train_loss=0.1716 train_acc=0.9730
Epoch 16 step 300/1012 train_loss=0.1708 train_acc=0.9726
Epoch 16 step 400/1012 train_loss=0.1712 train_acc=0.9727
Epoch 16 step 500/1012 train_loss=0.1690 train_acc=0.9734
Epoch 16 step 600/1012 train_loss=0.1702 train_acc=0.9722
Epoch 16 step 700/1012 train_loss=0.1705 train_acc=0.9722
Epoch 16 step 800/1012 train_loss=0.1718 train_acc=0.9714
Epoch 16 step 900/1012 train_loss=0.1728 train_acc=0.9707
Epoch 16 step 1000/1012 train_loss=0.1734 train_acc=0.9703
Epoch 16: train_loss=0.1733 train_acc=0.9704 test_loss=0.9431
  test_overall: count=8173 acc=0.6170 fpr=0.3793 recall=0.6136 auroc=0.6716
  test_single: count=8009 acc=0.6197 fpr=0.3782 recall=0.6177 auroc=0.6744
  test_overlap: count=164 acc=0.4878 fpr=0.4286 recall=0.4000 auroc=0.5333
Epoch 17 step 100/1012 train_loss=0.1698 train_acc=0.9706
Epoch 17 step 200/1012 train_loss=0.1698 train_acc=0.9708
Epoch 17 step 300/1012 train_loss=0.1684 train_acc=0.9720
Epoch 17 step 400/1012 train_loss=0.1709 train_acc=0.9702
Epoch 17 step 500/1012 train_loss=0.1711 train_acc=0.9702
Epoch 17 step 600/1012 train_loss=0.1709 train_acc=0.9705
Epoch 17 step 700/1012 train_loss=0.1712 train_acc=0.9703
Epoch 17 step 800/1012 train_loss=0.1717 train_acc=0.9703
Epoch 17 step 900/1012 train_loss=0.1716 train_acc=0.9703
Epoch 17 step 1000/1012 train_loss=0.1718 train_acc=0.9704
Epoch 17: train_loss=0.1716 train_acc=0.9705 test_loss=0.9219
  test_overall: count=8173 acc=0.6187 fpr=0.3826 recall=0.6200 auroc=0.6853
  test_single: count=8009 acc=0.6214 fpr=0.3816 recall=0.6242 auroc=0.6877
  test_overlap: count=164 acc=0.4878 fpr=0.4286 recall=0.4000 auroc=0.5905
Epoch 18 step 100/1012 train_loss=0.1687 train_acc=0.9747
Epoch 18 step 200/1012 train_loss=0.1699 train_acc=0.9720
Epoch 18 step 300/1012 train_loss=0.1675 train_acc=0.9734
Epoch 18 step 400/1012 train_loss=0.1673 train_acc=0.9734
Epoch 18 step 500/1012 train_loss=0.1679 train_acc=0.9732
Epoch 18 step 600/1012 train_loss=0.1673 train_acc=0.9735
Epoch 18 step 700/1012 train_loss=0.1674 train_acc=0.9735
Epoch 18 step 800/1012 train_loss=0.1684 train_acc=0.9729
Epoch 18 step 900/1012 train_loss=0.1685 train_acc=0.9727
Epoch 18 step 1000/1012 train_loss=0.1689 train_acc=0.9723
Epoch 18: train_loss=0.1689 train_acc=0.9723 test_loss=0.9765
  test_overall: count=8173 acc=0.6206 fpr=0.3616 recall=0.6038 auroc=0.6688
  test_single: count=8009 acc=0.6233 fpr=0.3602 recall=0.6078 auroc=0.6712
  test_overlap: count=164 acc=0.4878 fpr=0.4286 recall=0.4000 auroc=0.5357
Epoch 19 step 100/1012 train_loss=0.1637 train_acc=0.9741
Epoch 19 step 200/1012 train_loss=0.1658 train_acc=0.9722
Epoch 19 step 300/1012 train_loss=0.1653 train_acc=0.9741
Epoch 19 step 400/1012 train_loss=0.1661 train_acc=0.9740
Epoch 19 step 500/1012 train_loss=0.1671 train_acc=0.9734
Epoch 19 step 600/1012 train_loss=0.1662 train_acc=0.9741
Epoch 19 step 700/1012 train_loss=0.1663 train_acc=0.9742
Epoch 19 step 800/1012 train_loss=0.1671 train_acc=0.9732
Epoch 19 step 900/1012 train_loss=0.1664 train_acc=0.9736
Epoch 19 step 1000/1012 train_loss=0.1670 train_acc=0.9735
Epoch 19: train_loss=0.1670 train_acc=0.9734 test_loss=0.9837
  test_overall: count=8173 acc=0.6246 fpr=0.3513 recall=0.6019 auroc=0.6708
  test_single: count=8009 acc=0.6274 fpr=0.3496 recall=0.6059 auroc=0.6732
  test_overlap: count=164 acc=0.4878 fpr=0.4286 recall=0.4000 auroc=0.5143
Epoch 20 step 100/1012 train_loss=0.1662 train_acc=0.9719
Epoch 20 step 200/1012 train_loss=0.1659 train_acc=0.9733
Epoch 20 step 300/1012 train_loss=0.1641 train_acc=0.9747
Epoch 20 step 400/1012 train_loss=0.1645 train_acc=0.9747
Epoch 20 step 500/1012 train_loss=0.1649 train_acc=0.9746
Epoch 20 step 600/1012 train_loss=0.1656 train_acc=0.9741
Epoch 20 step 700/1012 train_loss=0.1656 train_acc=0.9745
Epoch 20 step 800/1012 train_loss=0.1663 train_acc=0.9739
Epoch 20 step 900/1012 train_loss=0.1658 train_acc=0.9740
Epoch 20 step 1000/1012 train_loss=0.1662 train_acc=0.9737
Epoch 20: train_loss=0.1662 train_acc=0.9738 test_loss=0.9910
  test_overall: count=8173 acc=0.6217 fpr=0.3530 recall=0.5979 auroc=0.6741
  test_single: count=8009 acc=0.6264 fpr=0.3514 recall=0.6056 auroc=0.6770
  test_overlap: count=164 acc=0.3902 fpr=0.4286 recall=0.2000 auroc=0.5286
Epoch 21 step 100/1012 train_loss=0.1672 train_acc=0.9697
Epoch 21 step 200/1012 train_loss=0.1625 train_acc=0.9747
Epoch 21 step 300/1012 train_loss=0.1635 train_acc=0.9744
Epoch 21 step 400/1012 train_loss=0.1647 train_acc=0.9740
Epoch 21 step 500/1012 train_loss=0.1644 train_acc=0.9739
Epoch 21 step 600/1012 train_loss=0.1646 train_acc=0.9739
Epoch 21 step 700/1012 train_loss=0.1647 train_acc=0.9737
Epoch 21 step 800/1012 train_loss=0.1646 train_acc=0.9740
Epoch 21 step 900/1012 train_loss=0.1650 train_acc=0.9741
Epoch 21 step 1000/1012 train_loss=0.1649 train_acc=0.9741
Epoch 21: train_loss=0.1649 train_acc=0.9741 test_loss=0.9921
  test_overall: count=8173 acc=0.5907 fpr=0.3333 recall=0.5193 auroc=0.6720
  test_single: count=8009 acc=0.5908 fpr=0.3313 recall=0.5178 auroc=0.6744
  test_overlap: count=164 acc=0.5854 fpr=0.4286 recall=0.6000 auroc=0.5048
Epoch 22 step 100/1012 train_loss=0.1609 train_acc=0.9759
Epoch 22 step 200/1012 train_loss=0.1634 train_acc=0.9750
Epoch 22 step 300/1012 train_loss=0.1641 train_acc=0.9747
Epoch 22 step 400/1012 train_loss=0.1662 train_acc=0.9728
Epoch 22 step 500/1012 train_loss=0.1655 train_acc=0.9736
Epoch 22 step 600/1012 train_loss=0.1639 train_acc=0.9746
Epoch 22 step 700/1012 train_loss=0.1640 train_acc=0.9747
Epoch 22 step 800/1012 train_loss=0.1642 train_acc=0.9746
Epoch 22 step 900/1012 train_loss=0.1645 train_acc=0.9744
Epoch 22 step 1000/1012 train_loss=0.1644 train_acc=0.9744
Epoch 22: train_loss=0.1641 train_acc=0.9745 test_loss=1.0085
  test_overall: count=8173 acc=0.5833 fpr=0.3323 recall=0.5039 auroc=0.6706
  test_single: count=8009 acc=0.5872 fpr=0.3302 recall=0.5098 auroc=0.6725
  test_overlap: count=164 acc=0.3902 fpr=0.4286 recall=0.2000 auroc=0.5929
Epoch 23 step 100/1012 train_loss=0.1624 train_acc=0.9766
Epoch 23 step 200/1012 train_loss=0.1629 train_acc=0.9764
Epoch 23 step 300/1012 train_loss=0.1621 train_acc=0.9764
Epoch 23 step 400/1012 train_loss=0.1610 train_acc=0.9767
Epoch 23 step 500/1012 train_loss=0.1603 train_acc=0.9771
Epoch 23 step 600/1012 train_loss=0.1615 train_acc=0.9764
Epoch 23 step 700/1012 train_loss=0.1619 train_acc=0.9757
Epoch 23 step 800/1012 train_loss=0.1623 train_acc=0.9753
Epoch 23 step 900/1012 train_loss=0.1630 train_acc=0.9745
Epoch 23 step 1000/1012 train_loss=0.1625 train_acc=0.9747
Epoch 23: train_loss=0.1625 train_acc=0.9747 test_loss=1.0065
  test_overall: count=8173 acc=0.5990 fpr=0.3230 recall=0.5258 auroc=0.6739
  test_single: count=8009 acc=0.6033 fpr=0.3207 recall=0.5321 auroc=0.6764
  test_overlap: count=164 acc=0.3902 fpr=0.4286 recall=0.2000 auroc=0.5357
Epoch 24 step 100/1012 train_loss=0.1591 train_acc=0.9766
Epoch 24 step 200/1012 train_loss=0.1609 train_acc=0.9762
Epoch 24 step 300/1012 train_loss=0.1611 train_acc=0.9762
Epoch 24 step 400/1012 train_loss=0.1596 train_acc=0.9775
Epoch 24 step 500/1012 train_loss=0.1608 train_acc=0.9771
Epoch 24 step 600/1012 train_loss=0.1608 train_acc=0.9769
Epoch 24 step 700/1012 train_loss=0.1613 train_acc=0.9764
Epoch 24 step 800/1012 train_loss=0.1620 train_acc=0.9758
Epoch 24 step 900/1012 train_loss=0.1617 train_acc=0.9759
Epoch 24 step 1000/1012 train_loss=0.1617 train_acc=0.9759
Epoch 24: train_loss=0.1619 train_acc=0.9758 test_loss=0.9953
  test_overall: count=8173 acc=0.5992 fpr=0.3566 recall=0.5576 auroc=0.6785
  test_single: count=8009 acc=0.6014 fpr=0.3550 recall=0.5606 auroc=0.6800
  test_overlap: count=164 acc=0.4878 fpr=0.4286 recall=0.4000 auroc=0.5429
Epoch 25 step 100/1012 train_loss=0.1620 train_acc=0.9744
Epoch 25 step 200/1012 train_loss=0.1560 train_acc=0.9789
Epoch 25 step 300/1012 train_loss=0.1598 train_acc=0.9758
Epoch 25 step 400/1012 train_loss=0.1610 train_acc=0.9751
Epoch 25 step 500/1012 train_loss=0.1616 train_acc=0.9745
Epoch 25 step 600/1012 train_loss=0.1613 train_acc=0.9747
Epoch 25 step 700/1012 train_loss=0.1615 train_acc=0.9746
Epoch 25 step 800/1012 train_loss=0.1614 train_acc=0.9745
Epoch 25 step 900/1012 train_loss=0.1615 train_acc=0.9746
Epoch 25 step 1000/1012 train_loss=0.1612 train_acc=0.9748
Epoch 25: train_loss=0.1612 train_acc=0.9748 test_loss=0.9813
  test_overall: count=8173 acc=0.5982 fpr=0.3376 recall=0.5379 auroc=0.6850
  test_single: count=8009 acc=0.6024 fpr=0.3357 recall=0.5444 auroc=0.6872
  test_overlap: count=164 acc=0.3902 fpr=0.4286 recall=0.2000 auroc=0.5429
Epoch 26 step 100/1012 train_loss=0.1610 train_acc=0.9728
Epoch 26 step 200/1012 train_loss=0.1588 train_acc=0.9762
Epoch 26 step 300/1012 train_loss=0.1586 train_acc=0.9768
Epoch 26 step 400/1012 train_loss=0.1592 train_acc=0.9763
Epoch 26 step 500/1012 train_loss=0.1594 train_acc=0.9762
Epoch 26 step 600/1012 train_loss=0.1592 train_acc=0.9765
Epoch 26 step 700/1012 train_loss=0.1593 train_acc=0.9768
Epoch 26 step 800/1012 train_loss=0.1603 train_acc=0.9761
Epoch 26 step 900/1012 train_loss=0.1601 train_acc=0.9762
Epoch 26 step 1000/1012 train_loss=0.1600 train_acc=0.9763
Epoch 26: train_loss=0.1600 train_acc=0.9763 test_loss=1.0037
  test_overall: count=8173 acc=0.6081 fpr=0.3735 recall=0.5908 auroc=0.6655
  test_single: count=8009 acc=0.6106 fpr=0.3723 recall=0.5945 auroc=0.6683
  test_overlap: count=164 acc=0.4878 fpr=0.4286 recall=0.4000 auroc=0.4881
Epoch 27 step 100/1012 train_loss=0.1559 train_acc=0.9775
Epoch 27 step 200/1012 train_loss=0.1587 train_acc=0.9755
Epoch 27 step 300/1012 train_loss=0.1597 train_acc=0.9753
Epoch 27 step 400/1012 train_loss=0.1595 train_acc=0.9759
Epoch 27 step 500/1012 train_loss=0.1601 train_acc=0.9756
Epoch 27 step 600/1012 train_loss=0.1597 train_acc=0.9761
Epoch 27 step 700/1012 train_loss=0.1597 train_acc=0.9763
Epoch 27 step 800/1012 train_loss=0.1598 train_acc=0.9764
Epoch 27 step 900/1012 train_loss=0.1599 train_acc=0.9765
Epoch 27 step 1000/1012 train_loss=0.1598 train_acc=0.9767
Epoch 27: train_loss=0.1598 train_acc=0.9766 test_loss=1.0256
  test_overall: count=8173 acc=0.6003 fpr=0.3540 recall=0.5573 auroc=0.6692
  test_single: count=8009 acc=0.6026 fpr=0.3524 recall=0.5604 auroc=0.6709
  test_overlap: count=164 acc=0.4878 fpr=0.4286 recall=0.4000 auroc=0.5905
Epoch 28 step 100/1012 train_loss=0.1602 train_acc=0.9788
Epoch 28 step 200/1012 train_loss=0.1605 train_acc=0.9770
Epoch 28 step 300/1012 train_loss=0.1585 train_acc=0.9778
Epoch 28 step 400/1012 train_loss=0.1588 train_acc=0.9774
Epoch 28 step 500/1012 train_loss=0.1596 train_acc=0.9769
Epoch 28 step 600/1012 train_loss=0.1613 train_acc=0.9753
Epoch 28 step 700/1012 train_loss=0.1611 train_acc=0.9753
Epoch 28 step 800/1012 train_loss=0.1608 train_acc=0.9755
Epoch 28 step 900/1012 train_loss=0.1601 train_acc=0.9757
Epoch 28 step 1000/1012 train_loss=0.1596 train_acc=0.9759
Epoch 28: train_loss=0.1595 train_acc=0.9759 test_loss=0.9776
  test_overall: count=8173 acc=0.6224 fpr=0.3381 recall=0.5853 auroc=0.6864
  test_single: count=8009 acc=0.6232 fpr=0.3403 recall=0.5889 auroc=0.6875
  test_overlap: count=164 acc=0.5854 fpr=0.2381 recall=0.4000 auroc=0.6310
Epoch 29 step 100/1012 train_loss=0.1561 train_acc=0.9756
Epoch 29 step 200/1012 train_loss=0.1563 train_acc=0.9761
Epoch 29 step 300/1012 train_loss=0.1566 train_acc=0.9762
Epoch 29 step 400/1012 train_loss=0.1566 train_acc=0.9773
Epoch 29 step 500/1012 train_loss=0.1566 train_acc=0.9776
Epoch 29 step 600/1012 train_loss=0.1574 train_acc=0.9773
Epoch 29 step 700/1012 train_loss=0.1581 train_acc=0.9770
Epoch 29 step 800/1012 train_loss=0.1587 train_acc=0.9768
Epoch 29 step 900/1012 train_loss=0.1585 train_acc=0.9769
Epoch 29 step 1000/1012 train_loss=0.1591 train_acc=0.9762
Epoch 29: train_loss=0.1591 train_acc=0.9762 test_loss=0.9867
  test_overall: count=8173 acc=0.5982 fpr=0.3477 recall=0.5474 auroc=0.6824
  test_single: count=8009 acc=0.6004 fpr=0.3460 recall=0.5502 auroc=0.6840
  test_overlap: count=164 acc=0.4878 fpr=0.4286 recall=0.4000 auroc=0.6190
Epoch 30 step 100/1012 train_loss=0.1606 train_acc=0.9753
Epoch 30 step 200/1012 train_loss=0.1591 train_acc=0.9758
Epoch 30 step 300/1012 train_loss=0.1575 train_acc=0.9767
Epoch 30 step 400/1012 train_loss=0.1585 train_acc=0.9763
Epoch 30 step 500/1012 train_loss=0.1598 train_acc=0.9751
Epoch 30 step 600/1012 train_loss=0.1590 train_acc=0.9757
Epoch 30 step 700/1012 train_loss=0.1587 train_acc=0.9759
Epoch 30 step 800/1012 train_loss=0.1583 train_acc=0.9762
Epoch 30 step 900/1012 train_loss=0.1586 train_acc=0.9761
Epoch 30 step 1000/1012 train_loss=0.1581 train_acc=0.9764
Epoch 30: train_loss=0.1579 train_acc=0.9764 test_loss=0.9828
  test_overall: count=8173 acc=0.6143 fpr=0.3472 recall=0.5782 auroc=0.6802
  test_single: count=8009 acc=0.6149 fpr=0.3455 recall=0.5778 auroc=0.6811
  test_overlap: count=164 acc=0.5854 fpr=0.4286 recall=0.6000 auroc=0.5810
Epoch 31 step 100/1012 train_loss=0.1594 train_acc=0.9772
Epoch 31 step 200/1012 train_loss=0.1604 train_acc=0.9773
Epoch 31 step 300/1012 train_loss=0.1581 train_acc=0.9790
Epoch 31 step 400/1012 train_loss=0.1592 train_acc=0.9772
Epoch 31 step 500/1012 train_loss=0.1591 train_acc=0.9771
Epoch 31 step 600/1012 train_loss=0.1593 train_acc=0.9767
Epoch 31 step 700/1012 train_loss=0.1591 train_acc=0.9767
Epoch 31 step 800/1012 train_loss=0.1589 train_acc=0.9769
Epoch 31 step 900/1012 train_loss=0.1585 train_acc=0.9770
Epoch 31 step 1000/1012 train_loss=0.1585 train_acc=0.9771
Epoch 31: train_loss=0.1583 train_acc=0.9772 test_loss=0.9873
  test_overall: count=8173 acc=0.6267 fpr=0.3561 recall=0.6105 auroc=0.6826
  test_single: count=8009 acc=0.6295 fpr=0.3545 recall=0.6146 auroc=0.6845
  test_overlap: count=164 acc=0.4878 fpr=0.4286 recall=0.4000 auroc=0.5929
Epoch 32 step 100/1012 train_loss=0.1608 train_acc=0.9747
Epoch 32 step 200/1012 train_loss=0.1592 train_acc=0.9756
Epoch 32 step 300/1012 train_loss=0.1582 train_acc=0.9765
Epoch 32 step 400/1012 train_loss=0.1581 train_acc=0.9767
Epoch 32 step 500/1012 train_loss=0.1579 train_acc=0.9768
Epoch 32 step 600/1012 train_loss=0.1579 train_acc=0.9771
Epoch 32 step 700/1012 train_loss=0.1591 train_acc=0.9766
Epoch 32 step 800/1012 train_loss=0.1588 train_acc=0.9765
Epoch 32 step 900/1012 train_loss=0.1581 train_acc=0.9769
Epoch 32 step 1000/1012 train_loss=0.1579 train_acc=0.9771
Epoch 32: train_loss=0.1579 train_acc=0.9771 test_loss=0.9974
  test_overall: count=8173 acc=0.6257 fpr=0.3500 recall=0.6029 auroc=0.6786
  test_single: count=8009 acc=0.6265 fpr=0.3524 recall=0.6068 auroc=0.6799
  test_overlap: count=164 acc=0.5854 fpr=0.2381 recall=0.4000 auroc=0.6190
Epoch 33 step 100/1012 train_loss=0.1663 train_acc=0.9725
Epoch 33 step 200/1012 train_loss=0.1614 train_acc=0.9750
Epoch 33 step 300/1012 train_loss=0.1601 train_acc=0.9765
Epoch 33 step 400/1012 train_loss=0.1584 train_acc=0.9775
Epoch 33 step 500/1012 train_loss=0.1578 train_acc=0.9779
Epoch 33 step 600/1012 train_loss=0.1565 train_acc=0.9784
Epoch 33 step 700/1012 train_loss=0.1573 train_acc=0.9774
Epoch 33 step 800/1012 train_loss=0.1581 train_acc=0.9768
Epoch 33 step 900/1012 train_loss=0.1577 train_acc=0.9770
Epoch 33 step 1000/1012 train_loss=0.1580 train_acc=0.9768
Epoch 33: train_loss=0.1580 train_acc=0.9768 test_loss=1.0102
  test_overall: count=8173 acc=0.6311 fpr=0.3285 recall=0.5932 auroc=0.6740
  test_single: count=8009 acc=0.6320 fpr=0.3305 recall=0.5969 auroc=0.6746
  test_overlap: count=164 acc=0.5854 fpr=0.2381 recall=0.4000 auroc=0.6524
Epoch 34 step 100/1012 train_loss=0.1592 train_acc=0.9769
Epoch 34 step 200/1012 train_loss=0.1584 train_acc=0.9778
Epoch 34 step 300/1012 train_loss=0.1588 train_acc=0.9770
Epoch 34 step 400/1012 train_loss=0.1575 train_acc=0.9782
Epoch 34 step 500/1012 train_loss=0.1584 train_acc=0.9778
Epoch 34 step 600/1012 train_loss=0.1573 train_acc=0.9782
Epoch 34 step 700/1012 train_loss=0.1583 train_acc=0.9775
Epoch 34 step 800/1012 train_loss=0.1580 train_acc=0.9773
Epoch 34 step 900/1012 train_loss=0.1578 train_acc=0.9772
Epoch 34 step 1000/1012 train_loss=0.1576 train_acc=0.9774
Epoch 34: train_loss=0.1576 train_acc=0.9774 test_loss=0.9947
  test_overall: count=8173 acc=0.6189 fpr=0.3586 recall=0.5977 auroc=0.6772
  test_single: count=8009 acc=0.6196 fpr=0.3612 recall=0.6015 auroc=0.6783
  test_overlap: count=164 acc=0.5854 fpr=0.2381 recall=0.4000 auroc=0.6190
Epoch 35 step 100/1012 train_loss=0.1610 train_acc=0.9759
Epoch 35 step 200/1012 train_loss=0.1604 train_acc=0.9772
Epoch 35 step 300/1012 train_loss=0.1595 train_acc=0.9774
Epoch 35 step 400/1012 train_loss=0.1591 train_acc=0.9769
Epoch 35 step 500/1012 train_loss=0.1577 train_acc=0.9779
Epoch 35 step 600/1012 train_loss=0.1569 train_acc=0.9783
Epoch 35 step 700/1012 train_loss=0.1576 train_acc=0.9779
Epoch 35 step 800/1012 train_loss=0.1575 train_acc=0.9776
Epoch 35 step 900/1012 train_loss=0.1575 train_acc=0.9776
Epoch 35 step 1000/1012 train_loss=0.1578 train_acc=0.9772
Epoch 35: train_loss=0.1578 train_acc=0.9772 test_loss=1.0197
  test_overall: count=8173 acc=0.6074 fpr=0.3525 recall=0.5697 auroc=0.6722
  test_single: count=8009 acc=0.6078 fpr=0.3550 recall=0.5729 auroc=0.6725
  test_overlap: count=164 acc=0.5854 fpr=0.2381 recall=0.4000 auroc=0.6286
Epoch 36 step 100/1012 train_loss=0.1596 train_acc=0.9759
Epoch 36 step 200/1012 train_loss=0.1596 train_acc=0.9750
Epoch 36 step 300/1012 train_loss=0.1587 train_acc=0.9751
Epoch 36 step 400/1012 train_loss=0.1575 train_acc=0.9757
Epoch 36 step 500/1012 train_loss=0.1567 train_acc=0.9766
Epoch 36 step 600/1012 train_loss=0.1559 train_acc=0.9773
Epoch 36 step 700/1012 train_loss=0.1558 train_acc=0.9777
Epoch 36 step 800/1012 train_loss=0.1563 train_acc=0.9773
Epoch 36 step 900/1012 train_loss=0.1569 train_acc=0.9771
Epoch 36 step 1000/1012 train_loss=0.1568 train_acc=0.9771
Epoch 36: train_loss=0.1567 train_acc=0.9772 test_loss=0.9959
  test_overall: count=8173 acc=0.6276 fpr=0.3583 recall=0.6143 auroc=0.6770
  test_single: count=8009 acc=0.6304 fpr=0.3568 recall=0.6184 auroc=0.6774
  test_overlap: count=164 acc=0.4878 fpr=0.4286 recall=0.4000 auroc=0.6571
Epoch 37 step 100/1012 train_loss=0.1577 train_acc=0.9769
Epoch 37 step 200/1012 train_loss=0.1597 train_acc=0.9750
Epoch 37 step 300/1012 train_loss=0.1591 train_acc=0.9752
Epoch 37 step 400/1012 train_loss=0.1583 train_acc=0.9759
Epoch 37 step 500/1012 train_loss=0.1580 train_acc=0.9764
Epoch 37 step 600/1012 train_loss=0.1584 train_acc=0.9756
Epoch 37 step 700/1012 train_loss=0.1573 train_acc=0.9766
Epoch 37 step 800/1012 train_loss=0.1564 train_acc=0.9771
Epoch 37 step 900/1012 train_loss=0.1567 train_acc=0.9770
Epoch 37 step 1000/1012 train_loss=0.1569 train_acc=0.9770
Epoch 37: train_loss=0.1571 train_acc=0.9769 test_loss=0.9999
  test_overall: count=8173 acc=0.6223 fpr=0.3503 recall=0.5965 auroc=0.6844
  test_single: count=8009 acc=0.6250 fpr=0.3486 recall=0.6003 auroc=0.6857
  test_overlap: count=164 acc=0.4878 fpr=0.4286 recall=0.4000 auroc=0.5905
Epoch 38 step 100/1012 train_loss=0.1564 train_acc=0.9762
Epoch 38 step 200/1012 train_loss=0.1545 train_acc=0.9784
Epoch 38 step 300/1012 train_loss=0.1566 train_acc=0.9779
Epoch 38 step 400/1012 train_loss=0.1569 train_acc=0.9775
Epoch 38 step 500/1012 train_loss=0.1570 train_acc=0.9776
Epoch 38 step 600/1012 train_loss=0.1565 train_acc=0.9777
Epoch 38 step 700/1012 train_loss=0.1569 train_acc=0.9776
Epoch 38 step 800/1012 train_loss=0.1570 train_acc=0.9775
Epoch 38 step 900/1012 train_loss=0.1568 train_acc=0.9774
Epoch 38 step 1000/1012 train_loss=0.1569 train_acc=0.9776
Epoch 38: train_loss=0.1569 train_acc=0.9776 test_loss=0.9852
  test_overall: count=8173 acc=0.6269 fpr=0.3576 recall=0.6124 auroc=0.6813
  test_single: count=8009 acc=0.6258 fpr=0.3643 recall=0.6165 auroc=0.6809
  test_overlap: count=164 acc=0.6829 fpr=0.0476 recall=0.4000 auroc=0.6595
Epoch 39 step 100/1012 train_loss=0.1594 train_acc=0.9750
Epoch 39 step 200/1012 train_loss=0.1545 train_acc=0.9794
Epoch 39 step 300/1012 train_loss=0.1548 train_acc=0.9794
Epoch 39 step 400/1012 train_loss=0.1565 train_acc=0.9781
Epoch 39 step 500/1012 train_loss=0.1571 train_acc=0.9777
Epoch 39 step 600/1012 train_loss=0.1564 train_acc=0.9775
Epoch 39 step 700/1012 train_loss=0.1560 train_acc=0.9777
Epoch 39 step 800/1012 train_loss=0.1559 train_acc=0.9779
Epoch 39 step 900/1012 train_loss=0.1564 train_acc=0.9775
Epoch 39 step 1000/1012 train_loss=0.1560 train_acc=0.9778
Epoch 39: train_loss=0.1559 train_acc=0.9779 test_loss=1.0115
  test_overall: count=8173 acc=0.6119 fpr=0.3707 recall=0.5955 auroc=0.6757
  test_single: count=8009 acc=0.6124 fpr=0.3736 recall=0.5993 auroc=0.6753
  test_overlap: count=164 acc=0.5854 fpr=0.2381 recall=0.4000 auroc=0.6667
Epoch 40 step 100/1012 train_loss=0.1568 train_acc=0.9744
Epoch 40 step 200/1012 train_loss=0.1567 train_acc=0.9761
Epoch 40 step 300/1012 train_loss=0.1568 train_acc=0.9762
Epoch 40 step 400/1012 train_loss=0.1566 train_acc=0.9762
Epoch 40 step 500/1012 train_loss=0.1565 train_acc=0.9769
Epoch 40 step 600/1012 train_loss=0.1558 train_acc=0.9774
Epoch 40 step 700/1012 train_loss=0.1551 train_acc=0.9781
Epoch 40 step 800/1012 train_loss=0.1558 train_acc=0.9780
Epoch 40 step 900/1012 train_loss=0.1564 train_acc=0.9777
Epoch 40 step 1000/1012 train_loss=0.1562 train_acc=0.9781
Epoch 40: train_loss=0.1561 train_acc=0.9781 test_loss=1.0311
  test_overall: count=8173 acc=0.6150 fpr=0.3720 recall=0.6027 auroc=0.6702
  test_single: count=8009 acc=0.6156 fpr=0.3749 recall=0.6066 auroc=0.6710
  test_overlap: count=164 acc=0.5854 fpr=0.2381 recall=0.4000 auroc=0.6476
Epoch 41 step 100/1012 train_loss=0.1541 train_acc=0.9794
Epoch 41 step 200/1012 train_loss=0.1560 train_acc=0.9784
Epoch 41 step 300/1012 train_loss=0.1570 train_acc=0.9782
Epoch 41 step 400/1012 train_loss=0.1570 train_acc=0.9777
Epoch 41 step 500/1012 train_loss=0.1557 train_acc=0.9784
Epoch 41 step 600/1012 train_loss=0.1559 train_acc=0.9783
Epoch 41 step 700/1012 train_loss=0.1561 train_acc=0.9781
Epoch 41 step 800/1012 train_loss=0.1569 train_acc=0.9776
Epoch 41 step 900/1012 train_loss=0.1564 train_acc=0.9779
Epoch 41 step 1000/1012 train_loss=0.1561 train_acc=0.9781
Epoch 41: train_loss=0.1560 train_acc=0.9781 test_loss=1.0195
  test_overall: count=8173 acc=0.6131 fpr=0.3386 recall=0.5678 auroc=0.6759
  test_single: count=8009 acc=0.6137 fpr=0.3408 recall=0.5710 auroc=0.6767
  test_overlap: count=164 acc=0.5854 fpr=0.2381 recall=0.4000 auroc=0.6214
Epoch 42 step 100/1012 train_loss=0.1588 train_acc=0.9747
Epoch 42 step 200/1012 train_loss=0.1567 train_acc=0.9756
Epoch 42 step 300/1012 train_loss=0.1577 train_acc=0.9756
Epoch 42 step 400/1012 train_loss=0.1566 train_acc=0.9761
Epoch 42 step 500/1012 train_loss=0.1566 train_acc=0.9765
Epoch 42 step 600/1012 train_loss=0.1556 train_acc=0.9771
Epoch 42 step 700/1012 train_loss=0.1559 train_acc=0.9774
Epoch 42 step 800/1012 train_loss=0.1552 train_acc=0.9779
Epoch 42 step 900/1012 train_loss=0.1556 train_acc=0.9778
Epoch 42 step 1000/1012 train_loss=0.1558 train_acc=0.9778
Epoch 42: train_loss=0.1558 train_acc=0.9778 test_loss=1.0079
  test_overall: count=8173 acc=0.6099 fpr=0.3677 recall=0.5889 auroc=0.6794
  test_single: count=8009 acc=0.6104 fpr=0.3705 recall=0.5925 auroc=0.6794
  test_overlap: count=164 acc=0.5854 fpr=0.2381 recall=0.4000 auroc=0.6476
Epoch 43 step 100/1012 train_loss=0.1542 train_acc=0.9784
Epoch 43 step 200/1012 train_loss=0.1548 train_acc=0.9784
Epoch 43 step 300/1012 train_loss=0.1574 train_acc=0.9768
Epoch 43 step 400/1012 train_loss=0.1562 train_acc=0.9775
Epoch 43 step 500/1012 train_loss=0.1567 train_acc=0.9772
Epoch 43 step 600/1012 train_loss=0.1554 train_acc=0.9782
Epoch 43 step 700/1012 train_loss=0.1566 train_acc=0.9776
Epoch 43 step 800/1012 train_loss=0.1567 train_acc=0.9772
Epoch 43 step 900/1012 train_loss=0.1558 train_acc=0.9778
Epoch 43 step 1000/1012 train_loss=0.1559 train_acc=0.9777
Epoch 43: train_loss=0.1558 train_acc=0.9778 test_loss=1.0017
  test_overall: count=8173 acc=0.6093 fpr=0.3586 recall=0.5792 auroc=0.6834
  test_single: count=8009 acc=0.6078 fpr=0.3653 recall=0.5826 auroc=0.6818
  test_overlap: count=164 acc=0.6829 fpr=0.0476 recall=0.4000 auroc=0.7429
Epoch 44 step 100/1012 train_loss=0.1554 train_acc=0.9797
Epoch 44 step 200/1012 train_loss=0.1538 train_acc=0.9803
Epoch 44 step 300/1012 train_loss=0.1532 train_acc=0.9804
Epoch 44 step 400/1012 train_loss=0.1544 train_acc=0.9797
Epoch 44 step 500/1012 train_loss=0.1543 train_acc=0.9794
Epoch 44 step 600/1012 train_loss=0.1548 train_acc=0.9791
Epoch 44 step 700/1012 train_loss=0.1559 train_acc=0.9785
Epoch 44 step 800/1012 train_loss=0.1562 train_acc=0.9784
Epoch 44 step 900/1012 train_loss=0.1561 train_acc=0.9782
Epoch 44 step 1000/1012 train_loss=0.1560 train_acc=0.9780
Epoch 44: train_loss=0.1560 train_acc=0.9780 test_loss=0.9970
  test_overall: count=8173 acc=0.6082 fpr=0.3593 recall=0.5777 auroc=0.6857
  test_single: count=8009 acc=0.6087 fpr=0.3620 recall=0.5812 auroc=0.6850
  test_overlap: count=164 acc=0.5854 fpr=0.2381 recall=0.4000 auroc=0.7048
Epoch 45 step 100/1012 train_loss=0.1526 train_acc=0.9797
Epoch 45 step 200/1012 train_loss=0.1561 train_acc=0.9780
Epoch 45 step 300/1012 train_loss=0.1566 train_acc=0.9778
Epoch 45 step 400/1012 train_loss=0.1563 train_acc=0.9784
Epoch 45 step 500/1012 train_loss=0.1554 train_acc=0.9788
Epoch 45 step 600/1012 train_loss=0.1564 train_acc=0.9783
Epoch 45 step 700/1012 train_loss=0.1567 train_acc=0.9779
Epoch 45 step 800/1012 train_loss=0.1569 train_acc=0.9775
Epoch 45 step 900/1012 train_loss=0.1566 train_acc=0.9772
Epoch 45 step 1000/1012 train_loss=0.1559 train_acc=0.9774
Epoch 45: train_loss=0.1559 train_acc=0.9775 test_loss=1.0249
  test_overall: count=8173 acc=0.5976 fpr=0.3467 recall=0.5452 auroc=0.6772
  test_single: count=8009 acc=0.5978 fpr=0.3491 recall=0.5480 auroc=0.6763
  test_overlap: count=164 acc=0.5854 fpr=0.2381 recall=0.4000 auroc=0.7048
Epoch 46 step 100/1012 train_loss=0.1625 train_acc=0.9738
Epoch 46 step 200/1012 train_loss=0.1592 train_acc=0.9755
Epoch 46 step 300/1012 train_loss=0.1575 train_acc=0.9772
Epoch 46 step 400/1012 train_loss=0.1563 train_acc=0.9778
Epoch 46 step 500/1012 train_loss=0.1558 train_acc=0.9786
Epoch 46 step 600/1012 train_loss=0.1565 train_acc=0.9780
Epoch 46 step 700/1012 train_loss=0.1563 train_acc=0.9781
Epoch 46 step 800/1012 train_loss=0.1561 train_acc=0.9780
Epoch 46 step 900/1012 train_loss=0.1563 train_acc=0.9777
Epoch 46 step 1000/1012 train_loss=0.1557 train_acc=0.9779
Epoch 46: train_loss=0.1556 train_acc=0.9780 test_loss=1.0351
  test_overall: count=8173 acc=0.6072 fpr=0.3242 recall=0.5428 auroc=0.6744
  test_single: count=8009 acc=0.6077 fpr=0.3261 recall=0.5456 auroc=0.6742
  test_overlap: count=164 acc=0.5854 fpr=0.2381 recall=0.4000 auroc=0.6690
Epoch 47 step 100/1012 train_loss=0.1588 train_acc=0.9753
Epoch 47 step 200/1012 train_loss=0.1550 train_acc=0.9783
Epoch 47 step 300/1012 train_loss=0.1556 train_acc=0.9777
Epoch 47 step 400/1012 train_loss=0.1550 train_acc=0.9784
Epoch 47 step 500/1012 train_loss=0.1554 train_acc=0.9783
Epoch 47 step 600/1012 train_loss=0.1549 train_acc=0.9782
Epoch 47 step 700/1012 train_loss=0.1555 train_acc=0.9776
Epoch 47 step 800/1012 train_loss=0.1555 train_acc=0.9774
Epoch 47 step 900/1012 train_loss=0.1553 train_acc=0.9775
Epoch 47 step 1000/1012 train_loss=0.1556 train_acc=0.9774
Epoch 47: train_loss=0.1555 train_acc=0.9774 test_loss=1.0110
  test_overall: count=8173 acc=0.6127 fpr=0.3634 recall=0.5903 auroc=0.6801
  test_single: count=8009 acc=0.6133 fpr=0.3661 recall=0.5940 auroc=0.6795
  test_overlap: count=164 acc=0.5854 fpr=0.2381 recall=0.4000 auroc=0.7048
Epoch 48 step 100/1012 train_loss=0.1509 train_acc=0.9812
Epoch 48 step 200/1012 train_loss=0.1530 train_acc=0.9800
Epoch 48 step 300/1012 train_loss=0.1541 train_acc=0.9793
Epoch 48 step 400/1012 train_loss=0.1543 train_acc=0.9795
Epoch 48 step 500/1012 train_loss=0.1556 train_acc=0.9785
Epoch 48 step 600/1012 train_loss=0.1557 train_acc=0.9788
Epoch 48 step 700/1012 train_loss=0.1553 train_acc=0.9790
Epoch 48 step 800/1012 train_loss=0.1554 train_acc=0.9789
Epoch 48 step 900/1012 train_loss=0.1557 train_acc=0.9784
Epoch 48 step 1000/1012 train_loss=0.1555 train_acc=0.9786
Epoch 48: train_loss=0.1553 train_acc=0.9787 test_loss=1.0210
  test_overall: count=8173 acc=0.6107 fpr=0.3323 recall=0.5571 auroc=0.6769
  test_single: count=8009 acc=0.6112 fpr=0.3344 recall=0.5601 auroc=0.6760
  test_overlap: count=164 acc=0.5854 fpr=0.2381 recall=0.4000 auroc=0.6857
Epoch 49 step 100/1012 train_loss=0.1612 train_acc=0.9722
Epoch 49 step 200/1012 train_loss=0.1552 train_acc=0.9767
Epoch 49 step 300/1012 train_loss=0.1558 train_acc=0.9767
Epoch 49 step 400/1012 train_loss=0.1565 train_acc=0.9766
Epoch 49 step 500/1012 train_loss=0.1563 train_acc=0.9763
Epoch 49 step 600/1012 train_loss=0.1554 train_acc=0.9770
Epoch 49 step 700/1012 train_loss=0.1556 train_acc=0.9773
Epoch 49 step 800/1012 train_loss=0.1554 train_acc=0.9775
Epoch 49 step 900/1012 train_loss=0.1548 train_acc=0.9781
Epoch 49 step 1000/1012 train_loss=0.1553 train_acc=0.9777
Epoch 49: train_loss=0.1551 train_acc=0.9778 test_loss=1.0369
  test_overall: count=8173 acc=0.5917 fpr=0.3588 recall=0.5452 auroc=0.6738
  test_single: count=8009 acc=0.5898 fpr=0.3656 recall=0.5480 auroc=0.6716
  test_overlap: count=164 acc=0.6829 fpr=0.0476 recall=0.4000 auroc=0.7810
Epoch 50 step 100/1012 train_loss=0.1516 train_acc=0.9803
Epoch 50 step 200/1012 train_loss=0.1529 train_acc=0.9806
Epoch 50 step 300/1012 train_loss=0.1544 train_acc=0.9788
Epoch 50 step 400/1012 train_loss=0.1552 train_acc=0.9780
Epoch 50 step 500/1012 train_loss=0.1550 train_acc=0.9787
Epoch 50 step 600/1012 train_loss=0.1550 train_acc=0.9784
Epoch 50 step 700/1012 train_loss=0.1552 train_acc=0.9779
Epoch 50 step 800/1012 train_loss=0.1559 train_acc=0.9774
Epoch 50 step 900/1012 train_loss=0.1554 train_acc=0.9777
Epoch 50 step 1000/1012 train_loss=0.1550 train_acc=0.9777
Epoch 50: train_loss=0.1551 train_acc=0.9777 test_loss=1.0531
  test_overall: count=8173 acc=0.5906 fpr=0.3492 recall=0.5341 auroc=0.6700
  test_single: count=8009 acc=0.5907 fpr=0.3517 recall=0.5367 auroc=0.6682
  test_overlap: count=164 acc=0.5854 fpr=0.2381 recall=0.4000 auroc=0.7429
[Checkpoint] Best checkpoint summary: epoch=5, test_acc=0.645418, path=checkpoints/dino_classifier_head_s5p_temporal_one_block_best.pt
