[Data] /mnt/engg-leung/Research_No9_Methane_Emissions/Yuyao/finalDataset/manifest_multisensor_crop_scheme2_train_s5p_replaced_plus_s5p_only_old2025_s5p_balanced_by_plumeid.csv: requested columns ('path_t0', 'path_t90', 'path_t360') not found; using wide-table S5P columns ('s5p_0_path', 's5p_90_path', 's5p_360_path').
[Data] /home/yuyao/panopticon/manifest_multisensor_crop_scheme2_test_s5p_replaced_plus_s5p_only_old2025_with_pred_correct.csv: requested columns ('path_t0', 'path_t90', 'path_t360') not found; using wide-table S5P columns ('s5p_0_path', 's5p_90_path', 's5p_360_path').
/home/yuyao/panopticon/universal_models_fusion/dino_classifier_head_s5p_temporal_one_block.py:220: DtypeWarning: Columns (10,11,12,13,14,15,16,17,18,19,20,21) have mixed types. Specify dtype option on import or set low_memory=False.
  self.df = pd.read_csv(csv_path)
/home/yuyao/panopticon/universal_models_fusion/dino_classifier_head_s5p_temporal_one_block.py:537: UserWarning: Boolean Series key will be reindexed to match DataFrame index.
  filtered_df = filtered_df[valid_masks[col]]
[Data] train: no rows with all temporal columns valid for ('s5p_0_path', 's5p_90_path', 's5p_360_path'); falling back to single-column S5P mode using 's5p_0_path' (32356 rows).
[Data] train: kept 32356/135175 rows for S5P using path columns ('s5p_0_path',).
/home/yuyao/panopticon/universal_models_fusion/dino_classifier_head_s5p_temporal_one_block.py:220: DtypeWarning: Columns (10,11,12,13,14,15,16,17,18,19,20,21) have mixed types. Specify dtype option on import or set low_memory=False.
  self.df = pd.read_csv(csv_path)
/home/yuyao/panopticon/universal_models_fusion/dino_classifier_head_s5p_temporal_one_block.py:537: UserWarning: Boolean Series key will be reindexed to match DataFrame index.
  filtered_df = filtered_df[valid_masks[col]]
[Data] test: no rows with all temporal columns valid for ('s5p_0_path', 's5p_90_path', 's5p_360_path'); falling back to single-column S5P mode using 's5p_0_path' (8238 rows).
[Data] test: kept 8238/33722 rows for S5P using path columns ('s5p_0_path',).
Using device=cuda:0, resize=224, train_samples=32356, test_samples=8238, norm_stats=provided, nan_to_num=0.0, train_backbone=True
/home/yuyao/panopticon/dinov2/layers/swiglu_ffn.py:45: UserWarning: xFormers is disabled (SwiGLU)
  warnings.warn("xFormers is disabled (SwiGLU)")
/home/yuyao/panopticon/dinov2/layers/swiglu_ffn.py:51: UserWarning: xFormers is not available (SwiGLU)
  warnings.warn("xFormers is not available (SwiGLU)")
/home/yuyao/panopticon/dinov2/layers/attention.py:30: UserWarning: xFormers is disabled (Attention)
  warnings.warn("xFormers is disabled (Attention)")
/home/yuyao/panopticon/dinov2/layers/attention.py:34: UserWarning: xFormers is not available (Attention)
  warnings.warn("xFormers is not available (Attention)")
/home/yuyao/panopticon/dinov2/layers/block.py:35: UserWarning: xFormers is disabled (Block)
  warnings.warn("xFormers is disabled (Block)")
/home/yuyao/panopticon/dinov2/layers/block.py:40: UserWarning: xFormers is not available (Block)
  warnings.warn("xFormers is not available (Block)")
Loading checkpoint from weights/panopticon_vitb14_teacher.pth
wandb: Currently logged in as: yuyao16 (yuyao16-university-of-alberta) to https://api.wandb.ai. Use `wandb login --relogin` to force relogin
wandb: Tracking run with wandb version 0.23.1
wandb: Run data is saved locally in /home/yuyao/panopticon/wandb/run-20260322_055453-a1tkfc0n
wandb: Run `wandb offline` to turn off syncing.
wandb: Syncing run s5p include all 2025 (schema2)
wandb: ⭐️ View project at https://wandb.ai/yuyao16-university-of-alberta/baselines
wandb: 🚀 View run at https://wandb.ai/yuyao16-university-of-alberta/baselines/runs/a1tkfc0n
Epoch 1 step 100/1012 train_loss=0.6856 train_acc=0.6188
Epoch 1 step 200/1012 train_loss=0.6652 train_acc=0.6250
Epoch 1 step 300/1012 train_loss=0.6536 train_acc=0.6282
Epoch 1 step 400/1012 train_loss=0.6488 train_acc=0.6338
Epoch 1 step 500/1012 train_loss=0.6466 train_acc=0.6341
Epoch 1 step 600/1012 train_loss=0.6449 train_acc=0.6358
Epoch 1 step 700/1012 train_loss=0.6422 train_acc=0.6368
Epoch 1 step 800/1012 train_loss=0.6414 train_acc=0.6388
Epoch 1 step 900/1012 train_loss=0.6396 train_acc=0.6396
Epoch 1 step 1000/1012 train_loss=0.6370 train_acc=0.6419
Epoch 1: train_loss=0.6364 train_acc=0.6426 test_loss=0.7007 test_acc=0.5851 recall=0.8945 fpr=0.7444 auroc=0.6529
[Checkpoint] Saved best model to /transferdiniu2/yuyao/checkpoints/s5p (epoch=1, test_acc=0.585093, mode=max).
Epoch 2 step 100/1012 train_loss=0.6269 train_acc=0.6416
Epoch 2 step 200/1012 train_loss=0.6239 train_acc=0.6444
Epoch 2 step 300/1012 train_loss=0.6213 train_acc=0.6480
Epoch 2 step 400/1012 train_loss=0.6183 train_acc=0.6502
Epoch 2 step 500/1012 train_loss=0.6169 train_acc=0.6534
Epoch 2 step 600/1012 train_loss=0.6154 train_acc=0.6553
Epoch 2 step 700/1012 train_loss=0.6146 train_acc=0.6562
Epoch 2 step 800/1012 train_loss=0.6129 train_acc=0.6577
Epoch 2 step 900/1012 train_loss=0.6125 train_acc=0.6585
Epoch 2 step 1000/1012 train_loss=0.6108 train_acc=0.6597
Epoch 2: train_loss=0.6108 train_acc=0.6596 test_loss=0.6546 test_acc=0.5923 recall=0.7208 fpr=0.5446 auroc=0.6731
[Checkpoint] Saved best model to /transferdiniu2/yuyao/checkpoints/s5p (epoch=2, test_acc=0.592255, mode=max).
Epoch 3 step 100/1012 train_loss=0.6072 train_acc=0.6747
Epoch 3 step 200/1012 train_loss=0.6063 train_acc=0.6722
Epoch 3 step 300/1012 train_loss=0.6089 train_acc=0.6673
Epoch 3 step 400/1012 train_loss=0.6013 train_acc=0.6737
Epoch 3 step 500/1012 train_loss=0.6002 train_acc=0.6721
Epoch 3 step 600/1012 train_loss=0.5986 train_acc=0.6738
Epoch 3 step 700/1012 train_loss=0.5991 train_acc=0.6722
Epoch 3 step 800/1012 train_loss=0.5978 train_acc=0.6753
Epoch 3 step 900/1012 train_loss=0.5974 train_acc=0.6750
Epoch 3 step 1000/1012 train_loss=0.5972 train_acc=0.6760
Epoch 3: train_loss=0.5973 train_acc=0.6759 test_loss=0.6528 test_acc=0.6101 recall=0.8176 fpr=0.6108 auroc=0.6760
[Checkpoint] Saved best model to /transferdiniu2/yuyao/checkpoints/s5p (epoch=3, test_acc=0.610100, mode=max).
Epoch 4 step 100/1012 train_loss=0.5729 train_acc=0.7031
Epoch 4 step 200/1012 train_loss=0.5809 train_acc=0.6948
Epoch 4 step 300/1012 train_loss=0.5869 train_acc=0.6900
Epoch 4 step 400/1012 train_loss=0.5903 train_acc=0.6856
Epoch 4 step 500/1012 train_loss=0.5911 train_acc=0.6839
Epoch 4 step 600/1012 train_loss=0.5920 train_acc=0.6830
Epoch 4 step 700/1012 train_loss=0.5914 train_acc=0.6830
Epoch 4 step 800/1012 train_loss=0.5900 train_acc=0.6835
Epoch 4 step 900/1012 train_loss=0.5891 train_acc=0.6840
Epoch 4 step 1000/1012 train_loss=0.5881 train_acc=0.6841
Epoch 4: train_loss=0.5879 train_acc=0.6839 test_loss=0.6491 test_acc=0.6431 recall=0.7773 fpr=0.4997 auroc=0.6944
[Checkpoint] Saved best model to /transferdiniu2/yuyao/checkpoints/s5p (epoch=4, test_acc=0.643117, mode=max).
Epoch 5 step 100/1012 train_loss=0.5923 train_acc=0.6797
Epoch 5 step 200/1012 train_loss=0.5818 train_acc=0.6916
Epoch 5 step 300/1012 train_loss=0.5785 train_acc=0.6952
Epoch 5 step 400/1012 train_loss=0.5814 train_acc=0.6889
Epoch 5 step 500/1012 train_loss=0.5786 train_acc=0.6908
Epoch 5 step 600/1012 train_loss=0.5775 train_acc=0.6914
Epoch 5 step 700/1012 train_loss=0.5762 train_acc=0.6912
Epoch 5 step 800/1012 train_loss=0.5745 train_acc=0.6932
Epoch 5 step 900/1012 train_loss=0.5740 train_acc=0.6926
Epoch 5 step 1000/1012 train_loss=0.5744 train_acc=0.6927
Epoch 5: train_loss=0.5744 train_acc=0.6928 test_loss=0.6616 test_acc=0.6123 recall=0.7820 fpr=0.5684 auroc=0.6989
Epoch 6 step 100/1012 train_loss=0.5715 train_acc=0.6894
Epoch 6 step 200/1012 train_loss=0.5645 train_acc=0.6992
Epoch 6 step 300/1012 train_loss=0.5664 train_acc=0.6976
Epoch 6 step 400/1012 train_loss=0.5662 train_acc=0.6984
Epoch 6 step 500/1012 train_loss=0.5651 train_acc=0.7000
Epoch 6 step 600/1012 train_loss=0.5642 train_acc=0.7004
Epoch 6 step 700/1012 train_loss=0.5640 train_acc=0.7000
Epoch 6 step 800/1012 train_loss=0.5653 train_acc=0.6995
Epoch 6 step 900/1012 train_loss=0.5663 train_acc=0.6987
Epoch 6 step 1000/1012 train_loss=0.5668 train_acc=0.6982
Epoch 6: train_loss=0.5666 train_acc=0.6984 test_loss=0.7190 test_acc=0.5719 recall=0.7234 fpr=0.5895 auroc=0.6627
Epoch 7 step 100/1012 train_loss=0.5584 train_acc=0.7175
Epoch 7 step 200/1012 train_loss=0.5665 train_acc=0.7017
Epoch 7 step 300/1012 train_loss=0.5660 train_acc=0.7031
Epoch 7 step 400/1012 train_loss=0.5638 train_acc=0.7025
Epoch 7 step 500/1012 train_loss=0.5602 train_acc=0.7034
Epoch 7 step 600/1012 train_loss=0.5587 train_acc=0.7049
Epoch 7 step 700/1012 train_loss=0.5580 train_acc=0.7055
Epoch 7 step 800/1012 train_loss=0.5571 train_acc=0.7072
Epoch 7 step 900/1012 train_loss=0.5575 train_acc=0.7078
Epoch 7 step 1000/1012 train_loss=0.5578 train_acc=0.7076
