nohup: ignoring input
[Data] /mnt/engg-leung/Research_No9_Methane_Emissions/Yuyao/finalDataset/manifest_multisensor_crop_scheme2_train_s5p_replaced_plus_s5p_only_old2025_s5p_balanced_by_plumeid.csv: requested columns ('path_t0', 'path_t90', 'path_t360') not found; using wide-table EMIT columns ('emit_0_path', 'emit_90_path', 'emit_360_path').
[Data] /home/yuyao/panopticon/manifest_multisensor_crop_scheme2_test_s5p_replaced_plus_s5p_only_old2025_with_pred_correct_filtered_overlapfixed.csv: requested columns ('path_t0', 'path_t90', 'path_t360') not found; using wide-table EMIT columns ('emit_0_path', 'emit_90_path', 'emit_360_path').
[Data] train: no rows matched sensor in {emit,wv3} after path filtering; ignoring sensor column for wide-table compatibility.
[Data] train: prefiltered EMIT/WV3 rows 36216/135175 into temp CSV /transferdiniu2/yuyao/temp/emit_wv3_prefilter_train_3dlj8g_k.csv.
[Data] test: no rows matched sensor in {emit,wv3} after path filtering; ignoring sensor column for wide-table compatibility.
[Data] test: prefiltered EMIT/WV3 rows 9057/33657 into temp CSV /transferdiniu2/yuyao/temp/emit_wv3_prefilter_test_1xxb2vs3.csv.
[Data] train: kept 36216/36216 rows for EMIT/WV3 using path columns ('emit_0_path', 'emit_90_path', 'emit_360_path').
[Data] test: kept 9057/9057 rows for EMIT/WV3 using path columns ('emit_0_path', 'emit_90_path', 'emit_360_path').
Loaded overlap flags from 'overlap_mode': overlap=1587, single=7470
WV3 channel IDs loaded from /home/yuyao/panopticon/WV3_VNIR_SWIR_response.csv: bands/timepoint=16, total_temporal_bands=48, mu_range=[427, 2330] nm
[Cache] Warming up (target: 135819)...
[Cache] Warmup complete. Cached: 133740, Remote: 2079
Using device=cuda:0, train_samples=36216, test_samples=9057, train_backbone=True
/home/yuyao/panopticon/dinov2/layers/swiglu_ffn.py:45: UserWarning: xFormers is disabled (SwiGLU)
  warnings.warn("xFormers is disabled (SwiGLU)")
/home/yuyao/panopticon/dinov2/layers/swiglu_ffn.py:51: UserWarning: xFormers is not available (SwiGLU)
  warnings.warn("xFormers is not available (SwiGLU)")
/home/yuyao/panopticon/dinov2/layers/attention.py:30: UserWarning: xFormers is disabled (Attention)
  warnings.warn("xFormers is disabled (Attention)")
/home/yuyao/panopticon/dinov2/layers/attention.py:34: UserWarning: xFormers is not available (Attention)
  warnings.warn("xFormers is not available (Attention)")
/home/yuyao/panopticon/dinov2/layers/block.py:35: UserWarning: xFormers is disabled (Block)
  warnings.warn("xFormers is disabled (Block)")
/home/yuyao/panopticon/dinov2/layers/block.py:40: UserWarning: xFormers is not available (Block)
  warnings.warn("xFormers is not available (Block)")
Loading checkpoint from weights/panopticon_vitb14_teacher.pth
Checkpoints will be saved under: checkpoints/manifest_multisensor_crop_scheme2_train_s5p_replaced_plus_s5p_only_old2025_s5p_balanced_by_plumeid__manifest_multisensor_crop_scheme2_test_s5p_replaced_plus_s5p_only_old2025_with_pred_correct_filtered_overlapfixed__ft
Epoch 1 step 100/2264 train_loss=1.2070 train_acc=0.4075
Epoch 1 step 200/2264 train_loss=1.0955 train_acc=0.4156
Epoch 1 step 300/2264 train_loss=0.9719 train_acc=0.4421
Epoch 1 step 400/2264 train_loss=0.8978 train_acc=0.4798
Epoch 1 step 500/2264 train_loss=0.8528 train_acc=0.5035
Epoch 1 step 600/2264 train_loss=0.8216 train_acc=0.5207
Epoch 1 step 700/2264 train_loss=0.8002 train_acc=0.5312
Epoch 1 step 800/2264 train_loss=0.7836 train_acc=0.5393
Epoch 1 step 900/2264 train_loss=0.7698 train_acc=0.5462
Epoch 1 step 1000/2264 train_loss=0.7596 train_acc=0.5503
Epoch 1 step 1100/2264 train_loss=0.7514 train_acc=0.5532
Epoch 1 step 1200/2264 train_loss=0.7445 train_acc=0.5547
Epoch 1 step 1300/2264 train_loss=0.7393 train_acc=0.5548
Epoch 1 step 1400/2264 train_loss=0.7344 train_acc=0.5567
Epoch 1 step 1500/2264 train_loss=0.7301 train_acc=0.5580
Epoch 1 step 1600/2264 train_loss=0.7255 train_acc=0.5611
Epoch 1 step 1700/2264 train_loss=0.7221 train_acc=0.5632
Epoch 1 step 1800/2264 train_loss=0.7186 train_acc=0.5633
Epoch 1 step 1900/2264 train_loss=0.7162 train_acc=0.5639
Epoch 1 step 2000/2264 train_loss=0.7134 train_acc=0.5637
Epoch 1 step 2100/2264 train_loss=0.7108 train_acc=0.5649
Epoch 1 step 2200/2264 train_loss=0.7089 train_acc=0.5661
Epoch 1: train_loss=0.7075 train_acc=0.5662 test_loss=0.6798
  test_overall: count=9057 acc=0.5733 fpr=1.0000 recall=1.0000 auroc=0.6238
  test_single: count=7470 acc=0.5837 fpr=1.0000 recall=1.0000 auroc=0.6287
  test_overlap: count=1587 acc=0.5243 fpr=1.0000 recall=1.0000 auroc=0.6046
Saved new best checkpoint: checkpoints/manifest_multisensor_crop_scheme2_train_s5p_replaced_plus_s5p_only_old2025_s5p_balanced_by_plumeid__manifest_multisensor_crop_scheme2_test_s5p_replaced_plus_s5p_only_old2025_with_pred_correct_filtered_overlapfixed__ft/ckpt_best_test.pth (test_acc=0.5733)
Epoch 2 step 100/2264 train_loss=0.6614 train_acc=0.5831
Epoch 2 step 200/2264 train_loss=0.6623 train_acc=0.5825
Epoch 2 step 300/2264 train_loss=0.6585 train_acc=0.5865
Epoch 2 step 400/2264 train_loss=0.6584 train_acc=0.5848
Epoch 2 step 500/2264 train_loss=0.6584 train_acc=0.5880
Epoch 2 step 600/2264 train_loss=0.6578 train_acc=0.5901
Epoch 2 step 700/2264 train_loss=0.6580 train_acc=0.5902
Epoch 2 step 800/2264 train_loss=0.6575 train_acc=0.5896
Epoch 2 step 900/2264 train_loss=0.6592 train_acc=0.5885
Epoch 2 step 1000/2264 train_loss=0.6595 train_acc=0.5897
Epoch 2 step 1100/2264 train_loss=0.6606 train_acc=0.5876
Epoch 2 step 1200/2264 train_loss=0.6604 train_acc=0.5871
Epoch 2 step 1300/2264 train_loss=0.6591 train_acc=0.5880
Epoch 2 step 1400/2264 train_loss=0.6598 train_acc=0.5886
Epoch 2 step 1500/2264 train_loss=0.6591 train_acc=0.5883
Epoch 2 step 1600/2264 train_loss=0.6592 train_acc=0.5885
Epoch 2 step 1700/2264 train_loss=0.6589 train_acc=0.5886
Epoch 2 step 1800/2264 train_loss=0.6588 train_acc=0.5894
Epoch 2 step 1900/2264 train_loss=0.6585 train_acc=0.5904
Epoch 2 step 2000/2264 train_loss=0.6577 train_acc=0.5918
Epoch 2 step 2100/2264 train_loss=0.6580 train_acc=0.5910
Epoch 2 step 2200/2264 train_loss=0.6576 train_acc=0.5915
Epoch 2: train_loss=0.6576 train_acc=0.5910 test_loss=0.6522
  test_overall: count=9057 acc=0.5941 fpr=0.7058 recall=0.8174 auroc=0.6385
  test_single: count=7470 acc=0.5976 fpr=0.6891 recall=0.8021 auroc=0.6391
  test_overlap: count=1587 acc=0.5778 fpr=0.7748 recall=0.8978 auroc=0.6422
Saved new best checkpoint: checkpoints/manifest_multisensor_crop_scheme2_train_s5p_replaced_plus_s5p_only_old2025_s5p_balanced_by_plumeid__manifest_multisensor_crop_scheme2_test_s5p_replaced_plus_s5p_only_old2025_with_pred_correct_filtered_overlapfixed__ft/ckpt_best_test.pth (test_acc=0.5941)
Epoch 3 step 100/2264 train_loss=0.6455 train_acc=0.6169
Epoch 3 step 200/2264 train_loss=0.6485 train_acc=0.6072
Epoch 3 step 300/2264 train_loss=0.6507 train_acc=0.6025
Epoch 3 step 400/2264 train_loss=0.6506 train_acc=0.5992
Epoch 3 step 500/2264 train_loss=0.6503 train_acc=0.6025
Epoch 3 step 600/2264 train_loss=0.6531 train_acc=0.6003
Epoch 3 step 700/2264 train_loss=0.6529 train_acc=0.5979
Epoch 3 step 800/2264 train_loss=0.6515 train_acc=0.5967
Epoch 3 step 900/2264 train_loss=0.6519 train_acc=0.5957
Epoch 3 step 1000/2264 train_loss=0.6509 train_acc=0.5968
Epoch 3 step 1100/2264 train_loss=0.6508 train_acc=0.5964
Epoch 3 step 1200/2264 train_loss=0.6503 train_acc=0.5977
Epoch 3 step 1300/2264 train_loss=0.6502 train_acc=0.5989
Epoch 3 step 1400/2264 train_loss=0.6508 train_acc=0.5977
Epoch 3 step 1500/2264 train_loss=0.6504 train_acc=0.5983
Epoch 3 step 1600/2264 train_loss=0.6491 train_acc=0.5997
Epoch 3 step 1700/2264 train_loss=0.6483 train_acc=0.6000
Epoch 3 step 1800/2264 train_loss=0.6479 train_acc=0.6012
Epoch 3 step 1900/2264 train_loss=0.6484 train_acc=0.6014
Epoch 3 step 2000/2264 train_loss=0.6488 train_acc=0.6011
Epoch 3 step 2100/2264 train_loss=0.6488 train_acc=0.6010
Epoch 3 step 2200/2264 train_loss=0.6485 train_acc=0.6011
Epoch 3: train_loss=0.6482 train_acc=0.6019 test_loss=0.6691
  test_overall: count=9057 acc=0.5748 fpr=0.9149 recall=0.9393 auroc=0.6420
  test_single: count=7470 acc=0.5838 fpr=0.9035 recall=0.9314 auroc=0.6431
  test_overlap: count=1587 acc=0.5325 fpr=0.9616 recall=0.9808 auroc=0.6430
Epoch 4 step 100/2264 train_loss=0.6460 train_acc=0.5894
Epoch 4 step 200/2264 train_loss=0.6414 train_acc=0.5947
Epoch 4 step 300/2264 train_loss=0.6435 train_acc=0.5985
Epoch 4 step 400/2264 train_loss=0.6435 train_acc=0.5977
Epoch 4 step 500/2264 train_loss=0.6445 train_acc=0.5998
Epoch 4 step 600/2264 train_loss=0.6438 train_acc=0.5984
Epoch 4 step 700/2264 train_loss=0.6442 train_acc=0.6012
Epoch 4 step 800/2264 train_loss=0.6427 train_acc=0.6037
Epoch 4 step 900/2264 train_loss=0.6422 train_acc=0.6049
Epoch 4 step 1000/2264 train_loss=0.6425 train_acc=0.6059
Epoch 4 step 1100/2264 train_loss=0.6430 train_acc=0.6045
Epoch 4 step 1200/2264 train_loss=0.6432 train_acc=0.6049
Epoch 4 step 1300/2264 train_loss=0.6412 train_acc=0.6081
Epoch 4 step 1400/2264 train_loss=0.6406 train_acc=0.6091
Epoch 4 step 1500/2264 train_loss=0.6417 train_acc=0.6075
Epoch 4 step 1600/2264 train_loss=0.6410 train_acc=0.6072
Epoch 4 step 1700/2264 train_loss=0.6408 train_acc=0.6070
Epoch 4 step 1800/2264 train_loss=0.6411 train_acc=0.6081
Epoch 4 step 1900/2264 train_loss=0.6410 train_acc=0.6086
Epoch 4 step 2000/2264 train_loss=0.6405 train_acc=0.6091
Epoch 4 step 2100/2264 train_loss=0.6405 train_acc=0.6093
Epoch 4 step 2200/2264 train_loss=0.6402 train_acc=0.6098
Epoch 4: train_loss=0.6407 train_acc=0.6097 test_loss=0.6753
  test_overall: count=9057 acc=0.5734 fpr=0.9997 recall=1.0000 auroc=0.6430
  test_single: count=7470 acc=0.5838 fpr=0.9997 recall=1.0000 auroc=0.6454
  test_overlap: count=1587 acc=0.5243 fpr=1.0000 recall=1.0000 auroc=0.6379
Epoch 5 step 100/2264 train_loss=0.6360 train_acc=0.5975
Epoch 5 step 200/2264 train_loss=0.6416 train_acc=0.5944
Epoch 5 step 300/2264 train_loss=0.6395 train_acc=0.6008
Epoch 5 step 400/2264 train_loss=0.6399 train_acc=0.6045
Epoch 5 step 500/2264 train_loss=0.6383 train_acc=0.6111
Epoch 5 step 600/2264 train_loss=0.6373 train_acc=0.6111
Epoch 5 step 700/2264 train_loss=0.6355 train_acc=0.6150
Epoch 5 step 800/2264 train_loss=0.6356 train_acc=0.6178
Epoch 5 step 900/2264 train_loss=0.6357 train_acc=0.6188
Epoch 5 step 1000/2264 train_loss=0.6364 train_acc=0.6191
Epoch 5 step 1100/2264 train_loss=0.6350 train_acc=0.6213
Epoch 5 step 1200/2264 train_loss=0.6356 train_acc=0.6199
Epoch 5 step 1300/2264 train_loss=0.6375 train_acc=0.6174
Epoch 5 step 1400/2264 train_loss=0.6361 train_acc=0.6182
Epoch 5 step 1500/2264 train_loss=0.6365 train_acc=0.6185
Epoch 5 step 1600/2264 train_loss=0.6372 train_acc=0.6170
Epoch 5 step 1700/2264 train_loss=0.6373 train_acc=0.6165
Epoch 5 step 1800/2264 train_loss=0.6368 train_acc=0.6173
Epoch 5 step 1900/2264 train_loss=0.6368 train_acc=0.6165
Epoch 5 step 2000/2264 train_loss=0.6363 train_acc=0.6176
Epoch 5 step 2100/2264 train_loss=0.6364 train_acc=0.6174
Epoch 5 step 2200/2264 train_loss=0.6364 train_acc=0.6162
Epoch 5: train_loss=0.6363 train_acc=0.6162 test_loss=0.6492
  test_overall: count=9057 acc=0.5979 fpr=0.7123 recall=0.8288 auroc=0.6534
  test_single: count=7470 acc=0.6040 fpr=0.6932 recall=0.8161 auroc=0.6543
  test_overlap: count=1587 acc=0.5690 fpr=0.7907 recall=0.8954 auroc=0.6569
Saved new best checkpoint: checkpoints/manifest_multisensor_crop_scheme2_train_s5p_replaced_plus_s5p_only_old2025_s5p_balanced_by_plumeid__manifest_multisensor_crop_scheme2_test_s5p_replaced_plus_s5p_only_old2025_with_pred_correct_filtered_overlapfixed__ft/ckpt_best_test.pth (test_acc=0.5979)
Epoch 6 step 100/2264 train_loss=0.6315 train_acc=0.6200
Epoch 6 step 200/2264 train_loss=0.6339 train_acc=0.6178
Epoch 6 step 300/2264 train_loss=0.6334 train_acc=0.6223
Epoch 6 step 400/2264 train_loss=0.6320 train_acc=0.6238
Epoch 6 step 500/2264 train_loss=0.6315 train_acc=0.6272
Epoch 6 step 600/2264 train_loss=0.6327 train_acc=0.6245
Epoch 6 step 700/2264 train_loss=0.6355 train_acc=0.6214
Epoch 6 step 800/2264 train_loss=0.6351 train_acc=0.6230
Epoch 6 step 900/2264 train_loss=0.6354 train_acc=0.6219
Epoch 6 step 1000/2264 train_loss=0.6364 train_acc=0.6201
Epoch 6 step 1100/2264 train_loss=0.6366 train_acc=0.6205
Epoch 6 step 1200/2264 train_loss=0.6366 train_acc=0.6203
Epoch 6 step 1300/2264 train_loss=0.6367 train_acc=0.6197
Epoch 6 step 1400/2264 train_loss=0.6368 train_acc=0.6198
Epoch 6 step 1500/2264 train_loss=0.6357 train_acc=0.6218
Epoch 6 step 1600/2264 train_loss=0.6352 train_acc=0.6222
Epoch 6 step 1700/2264 train_loss=0.6342 train_acc=0.6239
Epoch 6 step 1800/2264 train_loss=0.6342 train_acc=0.6238
Epoch 6 step 1900/2264 train_loss=0.6345 train_acc=0.6243
Epoch 6 step 2000/2264 train_loss=0.6342 train_acc=0.6250
Epoch 6 step 2100/2264 train_loss=0.6340 train_acc=0.6251
Epoch 6 step 2200/2264 train_loss=0.6341 train_acc=0.6241
Epoch 6: train_loss=0.6340 train_acc=0.6240 test_loss=0.6426
  test_overall: count=9057 acc=0.6075 fpr=0.5348 recall=0.7134 auroc=0.6598
  test_single: count=7470 acc=0.6067 fpr=0.5219 recall=0.6984 auroc=0.6602
  test_overlap: count=1587 acc=0.6112 fpr=0.5881 recall=0.7921 auroc=0.6652
Saved new best checkpoint: checkpoints/manifest_multisensor_crop_scheme2_train_s5p_replaced_plus_s5p_only_old2025_s5p_balanced_by_plumeid__manifest_multisensor_crop_scheme2_test_s5p_replaced_plus_s5p_only_old2025_with_pred_correct_filtered_overlapfixed__ft/ckpt_best_test.pth (test_acc=0.6075)
Epoch 7 step 100/2264 train_loss=0.6247 train_acc=0.6306
Epoch 7 step 200/2264 train_loss=0.6317 train_acc=0.6238
Epoch 7 step 300/2264 train_loss=0.6307 train_acc=0.6260
Epoch 7 step 400/2264 train_loss=0.6307 train_acc=0.6270
Epoch 7 step 500/2264 train_loss=0.6303 train_acc=0.6261
Epoch 7 step 600/2264 train_loss=0.6323 train_acc=0.6243
Epoch 7 step 700/2264 train_loss=0.6307 train_acc=0.6279
Epoch 7 step 800/2264 train_loss=0.6310 train_acc=0.6264
Epoch 7 step 900/2264 train_loss=0.6320 train_acc=0.6254
Epoch 7 step 1000/2264 train_loss=0.6323 train_acc=0.6242
Epoch 7 step 1100/2264 train_loss=0.6325 train_acc=0.6236
Epoch 7 step 1200/2264 train_loss=0.6330 train_acc=0.6218
Epoch 7 step 1300/2264 train_loss=0.6325 train_acc=0.6219
Epoch 7 step 1400/2264 train_loss=0.6320 train_acc=0.6213
Epoch 7 step 1500/2264 train_loss=0.6325 train_acc=0.6198
Epoch 7 step 1600/2264 train_loss=0.6325 train_acc=0.6198
Epoch 7 step 1700/2264 train_loss=0.6321 train_acc=0.6201
Epoch 7 step 1800/2264 train_loss=0.6322 train_acc=0.6206
Epoch 7 step 1900/2264 train_loss=0.6320 train_acc=0.6207
Epoch 7 step 2000/2264 train_loss=0.6323 train_acc=0.6208
Epoch 7 step 2100/2264 train_loss=0.6326 train_acc=0.6204
Epoch 7 step 2200/2264 train_loss=0.6324 train_acc=0.6212
Epoch 7: train_loss=0.6320 train_acc=0.6221 test_loss=0.6420
  test_overall: count=9057 acc=0.6108 fpr=0.4885 recall=0.6847 auroc=0.6571
  test_single: count=7470 acc=0.6142 fpr=0.4698 recall=0.6741 auroc=0.6584
  test_overlap: count=1587 acc=0.5948 fpr=0.5656 recall=0.7404 auroc=0.6595
Saved new best checkpoint: checkpoints/manifest_multisensor_crop_scheme2_train_s5p_replaced_plus_s5p_only_old2025_s5p_balanced_by_plumeid__manifest_multisensor_crop_scheme2_test_s5p_replaced_plus_s5p_only_old2025_with_pred_correct_filtered_overlapfixed__ft/ckpt_best_test.pth (test_acc=0.6108)
Epoch 8 step 100/2264 train_loss=0.6365 train_acc=0.6262
Epoch 8 step 200/2264 train_loss=0.6275 train_acc=0.6384
Epoch 8 step 300/2264 train_loss=0.6268 train_acc=0.6394
Epoch 8 step 400/2264 train_loss=0.6275 train_acc=0.6341
Epoch 8 step 500/2264 train_loss=0.6264 train_acc=0.6360
Epoch 8 step 600/2264 train_loss=0.6279 train_acc=0.6325
Epoch 8 step 700/2264 train_loss=0.6289 train_acc=0.6297
Epoch 8 step 800/2264 train_loss=0.6298 train_acc=0.6272
Epoch 8 step 900/2264 train_loss=0.6300 train_acc=0.6285
Epoch 8 step 1000/2264 train_loss=0.6308 train_acc=0.6266
Epoch 8 step 1100/2264 train_loss=0.6313 train_acc=0.6268
Epoch 8 step 1200/2264 train_loss=0.6314 train_acc=0.6272
Epoch 8 step 1300/2264 train_loss=0.6313 train_acc=0.6269
Epoch 8 step 1400/2264 train_loss=0.6311 train_acc=0.6271
Epoch 8 step 1500/2264 train_loss=0.6308 train_acc=0.6268
Epoch 8 step 1600/2264 train_loss=0.6302 train_acc=0.6279
Epoch 8 step 1700/2264 train_loss=0.6306 train_acc=0.6272
Epoch 8 step 1800/2264 train_loss=0.6311 train_acc=0.6269
Epoch 8 step 1900/2264 train_loss=0.6311 train_acc=0.6266
Epoch 8 step 2000/2264 train_loss=0.6306 train_acc=0.6267
Epoch 8 step 2100/2264 train_loss=0.6308 train_acc=0.6263
Epoch 8 step 2200/2264 train_loss=0.6310 train_acc=0.6262
Epoch 8: train_loss=0.6307 train_acc=0.6262 test_loss=0.6624
  test_overall: count=9057 acc=0.5747 fpr=0.9966 recall=1.0000 auroc=0.6559
  test_single: count=7470 acc=0.5854 fpr=0.9958 recall=1.0000 auroc=0.6571
  test_overlap: count=1587 acc=0.5243 fpr=1.0000 recall=1.0000 auroc=0.6579
Epoch 9 step 100/2264 train_loss=0.6456 train_acc=0.6181
Epoch 9 step 200/2264 train_loss=0.6345 train_acc=0.6247
Epoch 9 step 300/2264 train_loss=0.6372 train_acc=0.6177
Epoch 9 step 400/2264 train_loss=0.6378 train_acc=0.6147
Epoch 9 step 500/2264 train_loss=0.6358 train_acc=0.6196
Epoch 9 step 600/2264 train_loss=0.6336 train_acc=0.6224
Epoch 9 step 700/2264 train_loss=0.6341 train_acc=0.6231
Epoch 9 step 800/2264 train_loss=0.6330 train_acc=0.6255
Epoch 9 step 900/2264 train_loss=0.6326 train_acc=0.6262
Epoch 9 step 1000/2264 train_loss=0.6326 train_acc=0.6261
Epoch 9 step 1100/2264 train_loss=0.6325 train_acc=0.6262
Epoch 9 step 1200/2264 train_loss=0.6319 train_acc=0.6260
Epoch 9 step 1300/2264 train_loss=0.6322 train_acc=0.6252
Epoch 9 step 1400/2264 train_loss=0.6321 train_acc=0.6254
Epoch 9 step 1500/2264 train_loss=0.6319 train_acc=0.6252
Epoch 9 step 1600/2264 train_loss=0.6318 train_acc=0.6262
Epoch 9 step 1700/2264 train_loss=0.6314 train_acc=0.6269
Epoch 9 step 1800/2264 train_loss=0.6304 train_acc=0.6280
Epoch 9 step 1900/2264 train_loss=0.6305 train_acc=0.6276
Epoch 9 step 2000/2264 train_loss=0.6306 train_acc=0.6276
Epoch 9 step 2100/2264 train_loss=0.6303 train_acc=0.6272
Epoch 9 step 2200/2264 train_loss=0.6306 train_acc=0.6267
Epoch 9: train_loss=0.6306 train_acc=0.6264 test_loss=0.6693
  test_overall: count=9057 acc=0.5782 fpr=0.1819 recall=0.3997 auroc=0.6647
  test_single: count=7470 acc=0.5693 fpr=0.1807 recall=0.3911 auroc=0.6658
  test_overlap: count=1587 acc=0.6200 fpr=0.1868 recall=0.4447 auroc=0.6642
Epoch 10 step 100/2264 train_loss=0.6304 train_acc=0.6250
Epoch 10 step 200/2264 train_loss=0.6303 train_acc=0.6300
Epoch 10 step 300/2264 train_loss=0.6255 train_acc=0.6354
Epoch 10 step 400/2264 train_loss=0.6258 train_acc=0.6341
Epoch 10 step 500/2264 train_loss=0.6266 train_acc=0.6334
Epoch 10 step 600/2264 train_loss=0.6273 train_acc=0.6324
Epoch 10 step 700/2264 train_loss=0.6287 train_acc=0.6307
Epoch 10 step 800/2264 train_loss=0.6273 train_acc=0.6319
Epoch 10 step 900/2264 train_loss=0.6271 train_acc=0.6328
Epoch 10 step 1000/2264 train_loss=0.6278 train_acc=0.6326
Epoch 10 step 1100/2264 train_loss=0.6282 train_acc=0.6320
Epoch 10 step 1200/2264 train_loss=0.6288 train_acc=0.6309
Epoch 10 step 1300/2264 train_loss=0.6287 train_acc=0.6311
Epoch 10 step 1400/2264 train_loss=0.6284 train_acc=0.6315
Epoch 10 step 1500/2264 train_loss=0.6280 train_acc=0.6323
Epoch 10 step 1600/2264 train_loss=0.6281 train_acc=0.6321
Epoch 10 step 1700/2264 train_loss=0.6278 train_acc=0.6325
Epoch 10 step 1800/2264 train_loss=0.6282 train_acc=0.6318
Epoch 10 step 1900/2264 train_loss=0.6274 train_acc=0.6322
Epoch 10 step 2000/2264 train_loss=0.6282 train_acc=0.6305
Epoch 10 step 2100/2264 train_loss=0.6277 train_acc=0.6311
Epoch 10 step 2200/2264 train_loss=0.6278 train_acc=0.6311
Epoch 10: train_loss=0.6281 train_acc=0.6307 test_loss=0.6454
  test_overall: count=9057 acc=0.6085 fpr=0.3576 recall=0.5832 auroc=0.6629
  test_single: count=7470 acc=0.6127 fpr=0.3527 recall=0.5881 auroc=0.6641
  test_overlap: count=1587 acc=0.5885 fpr=0.3775 recall=0.5577 auroc=0.6636
Epoch 11 step 100/2264 train_loss=0.6172 train_acc=0.6381
Epoch 11 step 200/2264 train_loss=0.6231 train_acc=0.6409
Epoch 11 step 300/2264 train_loss=0.6278 train_acc=0.6348
Epoch 11 step 400/2264 train_loss=0.6295 train_acc=0.6312
Epoch 11 step 500/2264 train_loss=0.6297 train_acc=0.6279
Epoch 11 step 600/2264 train_loss=0.6303 train_acc=0.6268
Epoch 11 step 700/2264 train_loss=0.6311 train_acc=0.6281
Epoch 11 step 800/2264 train_loss=0.6301 train_acc=0.6290
Epoch 11 step 900/2264 train_loss=0.6295 train_acc=0.6296
Epoch 11 step 1000/2264 train_loss=0.6298 train_acc=0.6292
Epoch 11 step 1100/2264 train_loss=0.6298 train_acc=0.6284
Epoch 11 step 1200/2264 train_loss=0.6297 train_acc=0.6290
Epoch 11 step 1300/2264 train_loss=0.6290 train_acc=0.6295
Epoch 11 step 1400/2264 train_loss=0.6294 train_acc=0.6296
Epoch 11 step 1500/2264 train_loss=0.6296 train_acc=0.6294
Epoch 11 step 1600/2264 train_loss=0.6292 train_acc=0.6302
Epoch 11 step 1700/2264 train_loss=0.6286 train_acc=0.6302
Epoch 11 step 1800/2264 train_loss=0.6284 train_acc=0.6304
Epoch 11 step 1900/2264 train_loss=0.6282 train_acc=0.6313
Epoch 11 step 2000/2264 train_loss=0.6279 train_acc=0.6318
Epoch 11 step 2100/2264 train_loss=0.6273 train_acc=0.6321
Epoch 11 step 2200/2264 train_loss=0.6274 train_acc=0.6318
Epoch 11: train_loss=0.6280 train_acc=0.6314 test_loss=0.6388
  test_overall: count=9057 acc=0.6079 fpr=0.6005 recall=0.7631 auroc=0.6654
  test_single: count=7470 acc=0.6111 fpr=0.5855 recall=0.7514 auroc=0.6668
  test_overlap: count=1587 acc=0.5929 fpr=0.6623 recall=0.8245 auroc=0.6650
Epoch 12 step 100/2264 train_loss=0.6285 train_acc=0.6288
Epoch 12 step 200/2264 train_loss=0.6330 train_acc=0.6216
Epoch 12 step 300/2264 train_loss=0.6316 train_acc=0.6244
Epoch 12 step 400/2264 train_loss=0.6283 train_acc=0.6286
Epoch 12 step 500/2264 train_loss=0.6259 train_acc=0.6344
Epoch 12 step 600/2264 train_loss=0.6254 train_acc=0.6338
Epoch 12 step 700/2264 train_loss=0.6253 train_acc=0.6353
Epoch 12 step 800/2264 train_loss=0.6251 train_acc=0.6353
Epoch 12 step 900/2264 train_loss=0.6263 train_acc=0.6344
Epoch 12 step 1000/2264 train_loss=0.6260 train_acc=0.6359
Epoch 12 step 1100/2264 train_loss=0.6279 train_acc=0.6333
Epoch 12 step 1200/2264 train_loss=0.6277 train_acc=0.6338
Epoch 12 step 1300/2264 train_loss=0.6272 train_acc=0.6351
Epoch 12 step 1400/2264 train_loss=0.6271 train_acc=0.6362
Epoch 12 step 1500/2264 train_loss=0.6274 train_acc=0.6363
Epoch 12 step 1600/2264 train_loss=0.6268 train_acc=0.6365
Epoch 12 step 1700/2264 train_loss=0.6269 train_acc=0.6360
Epoch 12 step 1800/2264 train_loss=0.6271 train_acc=0.6350
Epoch 12 step 1900/2264 train_loss=0.6270 train_acc=0.6348
Epoch 12 step 2000/2264 train_loss=0.6269 train_acc=0.6348
Epoch 12 step 2100/2264 train_loss=0.6268 train_acc=0.6341
Epoch 12 step 2200/2264 train_loss=0.6266 train_acc=0.6342
Epoch 12: train_loss=0.6271 train_acc=0.6332 test_loss=0.6379
  test_overall: count=9057 acc=0.6192 fpr=0.4561 recall=0.6753 auroc=0.6672
  test_single: count=7470 acc=0.6213 fpr=0.4463 recall=0.6695 auroc=0.6685
  test_overlap: count=1587 acc=0.6093 fpr=0.4967 recall=0.7055 auroc=0.6670
Saved new best checkpoint: checkpoints/manifest_multisensor_crop_scheme2_train_s5p_replaced_plus_s5p_only_old2025_s5p_balanced_by_plumeid__manifest_multisensor_crop_scheme2_test_s5p_replaced_plus_s5p_only_old2025_with_pred_correct_filtered_overlapfixed__ft/ckpt_best_test.pth (test_acc=0.6192)
Epoch 13 step 100/2264 train_loss=0.6210 train_acc=0.6531
Epoch 13 step 200/2264 train_loss=0.6220 train_acc=0.6484
Epoch 13 step 300/2264 train_loss=0.6228 train_acc=0.6467
Epoch 13 step 400/2264 train_loss=0.6206 train_acc=0.6503
Epoch 13 step 500/2264 train_loss=0.6189 train_acc=0.6485
Epoch 13 step 600/2264 train_loss=0.6175 train_acc=0.6489
Epoch 13 step 700/2264 train_loss=0.6196 train_acc=0.6463
Epoch 13 step 800/2264 train_loss=0.6203 train_acc=0.6447
Epoch 13 step 900/2264 train_loss=0.6224 train_acc=0.6412
Epoch 13 step 1000/2264 train_loss=0.6224 train_acc=0.6405
Epoch 13 step 1100/2264 train_loss=0.6229 train_acc=0.6406
Epoch 13 step 1200/2264 train_loss=0.6225 train_acc=0.6405
Epoch 13 step 1300/2264 train_loss=0.6239 train_acc=0.6393
Epoch 13 step 1400/2264 train_loss=0.6244 train_acc=0.6390
Epoch 13 step 1500/2264 train_loss=0.6248 train_acc=0.6381
Epoch 13 step 1600/2264 train_loss=0.6252 train_acc=0.6372
Epoch 13 step 1700/2264 train_loss=0.6259 train_acc=0.6362
Epoch 13 step 1800/2264 train_loss=0.6254 train_acc=0.6364
Epoch 13 step 1900/2264 train_loss=0.6252 train_acc=0.6363
Epoch 13 step 2000/2264 train_loss=0.6259 train_acc=0.6352
Epoch 13 step 2100/2264 train_loss=0.6263 train_acc=0.6347
Epoch 13 step 2200/2264 train_loss=0.6264 train_acc=0.6356
Epoch 13: train_loss=0.6263 train_acc=0.6352 test_loss=0.6440
  test_overall: count=9057 acc=0.6096 fpr=0.5809 recall=0.7513 auroc=0.6663
  test_single: count=7470 acc=0.6118 fpr=0.5666 recall=0.7390 auroc=0.6676
  test_overlap: count=1587 acc=0.5992 fpr=0.6397 recall=0.8161 auroc=0.6657
Epoch 14 step 100/2264 train_loss=0.6228 train_acc=0.6394
Epoch 14 step 200/2264 train_loss=0.6234 train_acc=0.6384
Epoch 14 step 300/2264 train_loss=0.6244 train_acc=0.6342
Epoch 14 step 400/2264 train_loss=0.6241 train_acc=0.6370
Epoch 14 step 500/2264 train_loss=0.6251 train_acc=0.6361
Epoch 14 step 600/2264 train_loss=0.6239 train_acc=0.6357
Epoch 14 step 700/2264 train_loss=0.6244 train_acc=0.6368
Epoch 14 step 800/2264 train_loss=0.6269 train_acc=0.6328
Epoch 14 step 900/2264 train_loss=0.6262 train_acc=0.6338
Epoch 14 step 1000/2264 train_loss=0.6247 train_acc=0.6357
Epoch 14 step 1100/2264 train_loss=0.6252 train_acc=0.6364
Epoch 14 step 1200/2264 train_loss=0.6253 train_acc=0.6369
Epoch 14 step 1300/2264 train_loss=0.6264 train_acc=0.6347
Epoch 14 step 1400/2264 train_loss=0.6268 train_acc=0.6342
Epoch 14 step 1500/2264 train_loss=0.6270 train_acc=0.6342
Epoch 14 step 1600/2264 train_loss=0.6272 train_acc=0.6339
Epoch 14 step 1700/2264 train_loss=0.6263 train_acc=0.6347
Epoch 14 step 1800/2264 train_loss=0.6261 train_acc=0.6359
Epoch 14 step 1900/2264 train_loss=0.6259 train_acc=0.6364
Epoch 14 step 2000/2264 train_loss=0.6263 train_acc=0.6358
Epoch 14 step 2100/2264 train_loss=0.6265 train_acc=0.6355
Epoch 14 step 2200/2264 train_loss=0.6263 train_acc=0.6361
Epoch 14: train_loss=0.6260 train_acc=0.6358 test_loss=0.6386
  test_overall: count=9057 acc=0.6205 fpr=0.4259 recall=0.6550 auroc=0.6694
  test_single: count=7470 acc=0.6214 fpr=0.4164 recall=0.6484 auroc=0.6715
  test_overlap: count=1587 acc=0.6163 fpr=0.4649 recall=0.6899 auroc=0.6645
Saved new best checkpoint: checkpoints/manifest_multisensor_crop_scheme2_train_s5p_replaced_plus_s5p_only_old2025_s5p_balanced_by_plumeid__manifest_multisensor_crop_scheme2_test_s5p_replaced_plus_s5p_only_old2025_with_pred_correct_filtered_overlapfixed__ft/ckpt_best_test.pth (test_acc=0.6205)
Epoch 15 step 100/2264 train_loss=0.6314 train_acc=0.6206
Epoch 15 step 200/2264 train_loss=0.6301 train_acc=0.6266
Epoch 15 step 300/2264 train_loss=0.6243 train_acc=0.6315
Epoch 15 step 400/2264 train_loss=0.6247 train_acc=0.6295
Epoch 15 step 500/2264 train_loss=0.6257 train_acc=0.6294
Epoch 15 step 600/2264 train_loss=0.6264 train_acc=0.6283
Epoch 15 step 700/2264 train_loss=0.6256 train_acc=0.6325
Epoch 15 step 800/2264 train_loss=0.6266 train_acc=0.6310
Epoch 15 step 900/2264 train_loss=0.6265 train_acc=0.6328
Epoch 15 step 1000/2264 train_loss=0.6257 train_acc=0.6344
Epoch 15 step 1100/2264 train_loss=0.6271 train_acc=0.6345
Epoch 15 step 1200/2264 train_loss=0.6268 train_acc=0.6347
Epoch 15 step 1300/2264 train_loss=0.6266 train_acc=0.6351
Epoch 15 step 1400/2264 train_loss=0.6266 train_acc=0.6351
Epoch 15 step 1500/2264 train_loss=0.6265 train_acc=0.6350
Epoch 15 step 1600/2264 train_loss=0.6258 train_acc=0.6357
Epoch 15 step 1700/2264 train_loss=0.6261 train_acc=0.6353
Epoch 15 step 1800/2264 train_loss=0.6253 train_acc=0.6363
Epoch 15 step 1900/2264 train_loss=0.6262 train_acc=0.6349
Epoch 15 step 2000/2264 train_loss=0.6260 train_acc=0.6354
Epoch 15 step 2100/2264 train_loss=0.6261 train_acc=0.6345
Epoch 15 step 2200/2264 train_loss=0.6256 train_acc=0.6347
Epoch 15: train_loss=0.6252 train_acc=0.6352 test_loss=0.6618
  test_overall: count=9057 acc=0.6038 fpr=0.2339 recall=0.4831 auroc=0.6695
  test_single: count=7470 acc=0.6001 fpr=0.2331 recall=0.4812 auroc=0.6710
  test_overlap: count=1587 acc=0.6213 fpr=0.2371 recall=0.4928 auroc=0.6675
Epoch 16 step 100/2264 train_loss=0.6164 train_acc=0.6306
Epoch 16 step 200/2264 train_loss=0.6196 train_acc=0.6309
Epoch 16 step 300/2264 train_loss=0.6209 train_acc=0.6285
Epoch 16 step 400/2264 train_loss=0.6178 train_acc=0.6366
Epoch 16 step 500/2264 train_loss=0.6193 train_acc=0.6370
Epoch 16 step 600/2264 train_loss=0.6194 train_acc=0.6375
Epoch 16 step 700/2264 train_loss=0.6209 train_acc=0.6354
Epoch 16 step 800/2264 train_loss=0.6227 train_acc=0.6313
Epoch 16 step 900/2264 train_loss=0.6231 train_acc=0.6310
Epoch 16 step 1000/2264 train_loss=0.6237 train_acc=0.6310
Epoch 16 step 1100/2264 train_loss=0.6243 train_acc=0.6312
Epoch 16 step 1200/2264 train_loss=0.6240 train_acc=0.6326
Epoch 16 step 1300/2264 train_loss=0.6259 train_acc=0.6308
Epoch 16 step 1400/2264 train_loss=0.6254 train_acc=0.6323
Epoch 16 step 1500/2264 train_loss=0.6251 train_acc=0.6330
Epoch 16 step 1600/2264 train_loss=0.6253 train_acc=0.6335
Epoch 16 step 1700/2264 train_loss=0.6253 train_acc=0.6339
Epoch 16 step 1800/2264 train_loss=0.6250 train_acc=0.6346
Epoch 16 step 1900/2264 train_loss=0.6249 train_acc=0.6350
Epoch 16 step 2000/2264 train_loss=0.6252 train_acc=0.6350
Epoch 16 step 2100/2264 train_loss=0.6253 train_acc=0.6358
Epoch 16 step 2200/2264 train_loss=0.6247 train_acc=0.6357
Epoch 16: train_loss=0.6247 train_acc=0.6359 test_loss=0.6368
  test_overall: count=9057 acc=0.6207 fpr=0.4748 recall=0.6918 auroc=0.6710
  test_single: count=7470 acc=0.6209 fpr=0.4675 recall=0.6839 auroc=0.6732
  test_overlap: count=1587 acc=0.6200 fpr=0.5046 recall=0.7332 auroc=0.6652
Saved new best checkpoint: checkpoints/manifest_multisensor_crop_scheme2_train_s5p_replaced_plus_s5p_only_old2025_s5p_balanced_by_plumeid__manifest_multisensor_crop_scheme2_test_s5p_replaced_plus_s5p_only_old2025_with_pred_correct_filtered_overlapfixed__ft/ckpt_best_test.pth (test_acc=0.6207)
Epoch 17 step 100/2264 train_loss=0.6253 train_acc=0.6262
Epoch 17 step 200/2264 train_loss=0.6236 train_acc=0.6347
Epoch 17 step 300/2264 train_loss=0.6261 train_acc=0.6335
Epoch 17 step 400/2264 train_loss=0.6256 train_acc=0.6348
Epoch 17 step 500/2264 train_loss=0.6259 train_acc=0.6384
Epoch 17 step 600/2264 train_loss=0.6250 train_acc=0.6382
Epoch 17 step 700/2264 train_loss=0.6247 train_acc=0.6374
Epoch 17 step 800/2264 train_loss=0.6251 train_acc=0.6371
Epoch 17 step 900/2264 train_loss=0.6251 train_acc=0.6373
Epoch 17 step 1000/2264 train_loss=0.6239 train_acc=0.6386
Epoch 17 step 1100/2264 train_loss=0.6234 train_acc=0.6398
Epoch 17 step 1200/2264 train_loss=0.6242 train_acc=0.6395
Epoch 17 step 1300/2264 train_loss=0.6235 train_acc=0.6411
Epoch 17 step 1400/2264 train_loss=0.6238 train_acc=0.6405
Epoch 17 step 1500/2264 train_loss=0.6238 train_acc=0.6395
Epoch 17 step 1600/2264 train_loss=0.6239 train_acc=0.6387
Epoch 17 step 1700/2264 train_loss=0.6240 train_acc=0.6388
Epoch 17 step 1800/2264 train_loss=0.6245 train_acc=0.6390
Epoch 17 step 1900/2264 train_loss=0.6249 train_acc=0.6380
Epoch 17 step 2000/2264 train_loss=0.6253 train_acc=0.6375
Epoch 17 step 2100/2264 train_loss=0.6249 train_acc=0.6376
Epoch 17 step 2200/2264 train_loss=0.6247 train_acc=0.6383
Epoch 17: train_loss=0.6243 train_acc=0.6389 test_loss=0.6416
  test_overall: count=9057 acc=0.6153 fpr=0.4067 recall=0.6317 auroc=0.6681
  test_single: count=7470 acc=0.6186 fpr=0.4006 recall=0.6323 auroc=0.6698
  test_overlap: count=1587 acc=0.5999 fpr=0.4318 recall=0.6286 auroc=0.6655
Epoch 18 step 100/2264 train_loss=0.6229 train_acc=0.6350
Epoch 18 step 200/2264 train_loss=0.6244 train_acc=0.6381
Epoch 18 step 300/2264 train_loss=0.6248 train_acc=0.6362
Epoch 18 step 400/2264 train_loss=0.6255 train_acc=0.6341
Epoch 18 step 500/2264 train_loss=0.6228 train_acc=0.6355
Epoch 18 step 600/2264 train_loss=0.6227 train_acc=0.6369
Epoch 18 step 700/2264 train_loss=0.6225 train_acc=0.6375
Epoch 18 step 800/2264 train_loss=0.6219 train_acc=0.6395
Epoch 18 step 900/2264 train_loss=0.6218 train_acc=0.6399
Epoch 18 step 1000/2264 train_loss=0.6219 train_acc=0.6381
Epoch 18 step 1100/2264 train_loss=0.6219 train_acc=0.6388
Epoch 18 step 1200/2264 train_loss=0.6224 train_acc=0.6383
Epoch 18 step 1300/2264 train_loss=0.6227 train_acc=0.6375
Epoch 18 step 1400/2264 train_loss=0.6231 train_acc=0.6376
Epoch 18 step 1500/2264 train_loss=0.6230 train_acc=0.6368
Epoch 18 step 1600/2264 train_loss=0.6228 train_acc=0.6374
Epoch 18 step 1700/2264 train_loss=0.6227 train_acc=0.6377
Epoch 18 step 1800/2264 train_loss=0.6233 train_acc=0.6369
Epoch 18 step 1900/2264 train_loss=0.6229 train_acc=0.6372
Epoch 18 step 2000/2264 train_loss=0.6228 train_acc=0.6374
Epoch 18 step 2100/2264 train_loss=0.6234 train_acc=0.6370
Epoch 18 step 2200/2264 train_loss=0.6239 train_acc=0.6359
Epoch 18: train_loss=0.6240 train_acc=0.6362 test_loss=0.6374
  test_overall: count=9057 acc=0.6193 fpr=0.3897 recall=0.6260 auroc=0.6710
  test_single: count=7470 acc=0.6226 fpr=0.3839 recall=0.6273 auroc=0.6734
  test_overlap: count=1587 acc=0.6037 fpr=0.4132 recall=0.6190 auroc=0.6641
Epoch 19 step 100/2264 train_loss=0.6332 train_acc=0.6225
Epoch 19 step 200/2264 train_loss=0.6303 train_acc=0.6328
Epoch 19 step 300/2264 train_loss=0.6286 train_acc=0.6346
Epoch 19 step 400/2264 train_loss=0.6223 train_acc=0.6428
Epoch 19 step 500/2264 train_loss=0.6193 train_acc=0.6468
Epoch 19 step 600/2264 train_loss=0.6225 train_acc=0.6440
Epoch 19 step 700/2264 train_loss=0.6212 train_acc=0.6429
Epoch 19 step 800/2264 train_loss=0.6216 train_acc=0.6442
Epoch 19 step 900/2264 train_loss=0.6210 train_acc=0.6453
Epoch 19 step 1000/2264 train_loss=0.6219 train_acc=0.6438
Epoch 19 step 1100/2264 train_loss=0.6221 train_acc=0.6431
Epoch 19 step 1200/2264 train_loss=0.6224 train_acc=0.6417
Epoch 19 step 1300/2264 train_loss=0.6224 train_acc=0.6397
Epoch 19 step 1400/2264 train_loss=0.6238 train_acc=0.6374
Epoch 19 step 1500/2264 train_loss=0.6238 train_acc=0.6373
Epoch 19 step 1600/2264 train_loss=0.6243 train_acc=0.6370
Epoch 19 step 1700/2264 train_loss=0.6236 train_acc=0.6376
Epoch 19 step 1800/2264 train_loss=0.6242 train_acc=0.6365
Epoch 19 step 1900/2264 train_loss=0.6244 train_acc=0.6359
Epoch 19 step 2000/2264 train_loss=0.6240 train_acc=0.6359
Epoch 19 step 2100/2264 train_loss=0.6242 train_acc=0.6356
Epoch 19 step 2200/2264 train_loss=0.6242 train_acc=0.6359
Epoch 19: train_loss=0.6239 train_acc=0.6364 test_loss=0.6363
  test_overall: count=9057 acc=0.6169 fpr=0.5027 recall=0.7059 auroc=0.6711
  test_single: count=7470 acc=0.6171 fpr=0.4920 recall=0.6950 auroc=0.6735
  test_overlap: count=1587 acc=0.6156 fpr=0.5470 recall=0.7632 auroc=0.6644
Epoch 20 step 100/2264 train_loss=0.6218 train_acc=0.6444
Epoch 20 step 200/2264 train_loss=0.6249 train_acc=0.6428
Epoch 20 step 300/2264 train_loss=0.6210 train_acc=0.6460
Epoch 20 step 400/2264 train_loss=0.6267 train_acc=0.6344
Epoch 20 step 500/2264 train_loss=0.6266 train_acc=0.6360
Epoch 20 step 600/2264 train_loss=0.6247 train_acc=0.6392
Epoch 20 step 700/2264 train_loss=0.6238 train_acc=0.6379
Epoch 20 step 800/2264 train_loss=0.6237 train_acc=0.6366
Epoch 20 step 900/2264 train_loss=0.6235 train_acc=0.6375
Epoch 20 step 1000/2264 train_loss=0.6235 train_acc=0.6383
Epoch 20 step 1100/2264 train_loss=0.6228 train_acc=0.6396
Epoch 20 step 1200/2264 train_loss=0.6220 train_acc=0.6414
Epoch 20 step 1300/2264 train_loss=0.6223 train_acc=0.6416
Epoch 20 step 1400/2264 train_loss=0.6226 train_acc=0.6415
Epoch 20 step 1500/2264 train_loss=0.6225 train_acc=0.6410
Epoch 20 step 1600/2264 train_loss=0.6230 train_acc=0.6408
Epoch 20 step 1700/2264 train_loss=0.6228 train_acc=0.6404
Epoch 20 step 1800/2264 train_loss=0.6228 train_acc=0.6404
Epoch 20 step 1900/2264 train_loss=0.6232 train_acc=0.6401
Epoch 20 step 2000/2264 train_loss=0.6235 train_acc=0.6398
Epoch 20 step 2100/2264 train_loss=0.6233 train_acc=0.6397
Epoch 20 step 2200/2264 train_loss=0.6234 train_acc=0.6388
Epoch 20: train_loss=0.6230 train_acc=0.6394 test_loss=0.6470
  test_overall: count=9057 acc=0.6154 fpr=0.5123 recall=0.7105 auroc=0.6650
  test_single: count=7470 acc=0.6162 fpr=0.4997 recall=0.6989 auroc=0.6663
  test_overlap: count=1587 acc=0.6118 fpr=0.5642 recall=0.7716 auroc=0.6647
Epoch 21 step 100/2264 train_loss=0.6240 train_acc=0.6456
Epoch 21 step 200/2264 train_loss=0.6200 train_acc=0.6444
Epoch 21 step 300/2264 train_loss=0.6199 train_acc=0.6440
Epoch 21 step 400/2264 train_loss=0.6207 train_acc=0.6434
Epoch 21 step 500/2264 train_loss=0.6196 train_acc=0.6452
Epoch 21 step 600/2264 train_loss=0.6199 train_acc=0.6455
Epoch 21 step 700/2264 train_loss=0.6189 train_acc=0.6484
Epoch 21 step 800/2264 train_loss=0.6201 train_acc=0.6453
Epoch 21 step 900/2264 train_loss=0.6208 train_acc=0.6435
Epoch 21 step 1000/2264 train_loss=0.6216 train_acc=0.6413
Epoch 21 step 1100/2264 train_loss=0.6219 train_acc=0.6402
Epoch 21 step 1200/2264 train_loss=0.6219 train_acc=0.6403
Epoch 21 step 1300/2264 train_loss=0.6217 train_acc=0.6404
Epoch 21 step 1400/2264 train_loss=0.6214 train_acc=0.6412
Epoch 21 step 1500/2264 train_loss=0.6210 train_acc=0.6418
Epoch 21 step 1600/2264 train_loss=0.6211 train_acc=0.6416
Epoch 21 step 1700/2264 train_loss=0.6216 train_acc=0.6415
Epoch 21 step 1800/2264 train_loss=0.6218 train_acc=0.6414
Epoch 21 step 1900/2264 train_loss=0.6221 train_acc=0.6412
Epoch 21 step 2000/2264 train_loss=0.6217 train_acc=0.6410
Epoch 21 step 2100/2264 train_loss=0.6222 train_acc=0.6404
Epoch 21 step 2200/2264 train_loss=0.6226 train_acc=0.6403
Epoch 21: train_loss=0.6230 train_acc=0.6401 test_loss=0.6436
  test_overall: count=9057 acc=0.6141 fpr=0.3056 recall=0.5543 auroc=0.6668
  test_single: count=7470 acc=0.6171 fpr=0.3023 recall=0.5596 auroc=0.6698
  test_overlap: count=1587 acc=0.5999 fpr=0.3192 recall=0.5264 auroc=0.6581
Epoch 22 step 100/2264 train_loss=0.6186 train_acc=0.6338
Epoch 22 step 200/2264 train_loss=0.6230 train_acc=0.6466
Epoch 22 step 300/2264 train_loss=0.6174 train_acc=0.6492
Epoch 22 step 400/2264 train_loss=0.6199 train_acc=0.6464
Epoch 22 step 500/2264 train_loss=0.6189 train_acc=0.6475
Epoch 22 step 600/2264 train_loss=0.6196 train_acc=0.6466
Epoch 22 step 700/2264 train_loss=0.6177 train_acc=0.6461
Epoch 22 step 800/2264 train_loss=0.6190 train_acc=0.6452
Epoch 22 step 900/2264 train_loss=0.6198 train_acc=0.6455
Epoch 22 step 1000/2264 train_loss=0.6212 train_acc=0.6434
Epoch 22 step 1100/2264 train_loss=0.6218 train_acc=0.6421
Epoch 22 step 1200/2264 train_loss=0.6213 train_acc=0.6429
Epoch 22 step 1300/2264 train_loss=0.6217 train_acc=0.6421
Epoch 22 step 1400/2264 train_loss=0.6219 train_acc=0.6428
Epoch 22 step 1500/2264 train_loss=0.6214 train_acc=0.6435
Epoch 22 step 1600/2264 train_loss=0.6226 train_acc=0.6418
Epoch 22 step 1700/2264 train_loss=0.6230 train_acc=0.6416
Epoch 22 step 1800/2264 train_loss=0.6227 train_acc=0.6419
Epoch 22 step 1900/2264 train_loss=0.6220 train_acc=0.6421
Epoch 22 step 2000/2264 train_loss=0.6223 train_acc=0.6419
Epoch 22 step 2100/2264 train_loss=0.6224 train_acc=0.6412
Epoch 22 step 2200/2264 train_loss=0.6230 train_acc=0.6406
Epoch 22: train_loss=0.6228 train_acc=0.6408 test_loss=0.6415
  test_overall: count=9057 acc=0.6197 fpr=0.4142 recall=0.6450 auroc=0.6664
  test_single: count=7470 acc=0.6206 fpr=0.4077 recall=0.6408 auroc=0.6684
  test_overlap: count=1587 acc=0.6156 fpr=0.4411 recall=0.6671 auroc=0.6624
Epoch 23 step 100/2264 train_loss=0.6277 train_acc=0.6406
Epoch 23 step 200/2264 train_loss=0.6306 train_acc=0.6275
Epoch 23 step 300/2264 train_loss=0.6262 train_acc=0.6319
Epoch 23 step 400/2264 train_loss=0.6247 train_acc=0.6297
Epoch 23 step 500/2264 train_loss=0.6228 train_acc=0.6366
Epoch 23 step 600/2264 train_loss=0.6230 train_acc=0.6366
Epoch 23 step 700/2264 train_loss=0.6216 train_acc=0.6368
Epoch 23 step 800/2264 train_loss=0.6218 train_acc=0.6361
Epoch 23 step 900/2264 train_loss=0.6229 train_acc=0.6350
Epoch 23 step 1000/2264 train_loss=0.6235 train_acc=0.6337
Epoch 23 step 1100/2264 train_loss=0.6244 train_acc=0.6328
Epoch 23 step 1200/2264 train_loss=0.6240 train_acc=0.6341
Epoch 23 step 1300/2264 train_loss=0.6248 train_acc=0.6329
Epoch 23 step 1400/2264 train_loss=0.6250 train_acc=0.6334
Epoch 23 step 1500/2264 train_loss=0.6248 train_acc=0.6344
Epoch 23 step 1600/2264 train_loss=0.6249 train_acc=0.6350
Epoch 23 step 1700/2264 train_loss=0.6251 train_acc=0.6358
Epoch 23 step 1800/2264 train_loss=0.6247 train_acc=0.6366
Epoch 23 step 1900/2264 train_loss=0.6238 train_acc=0.6378
Epoch 23 step 2000/2264 train_loss=0.6234 train_acc=0.6381
Epoch 23 step 2100/2264 train_loss=0.6235 train_acc=0.6383
Epoch 23 step 2200/2264 train_loss=0.6233 train_acc=0.6381
Epoch 23: train_loss=0.6229 train_acc=0.6388 test_loss=0.6499
  test_overall: count=9057 acc=0.6154 fpr=0.2823 recall=0.5393 auroc=0.6640
  test_single: count=7470 acc=0.6169 fpr=0.2785 recall=0.5422 auroc=0.6665
  test_overlap: count=1587 acc=0.6087 fpr=0.2980 recall=0.5240 auroc=0.6583
Epoch 24 step 100/2264 train_loss=0.6242 train_acc=0.6325
Epoch 24 step 200/2264 train_loss=0.6209 train_acc=0.6422
Epoch 24 step 300/2264 train_loss=0.6257 train_acc=0.6329
Epoch 24 step 400/2264 train_loss=0.6236 train_acc=0.6370
Epoch 24 step 500/2264 train_loss=0.6201 train_acc=0.6440
Epoch 24 step 600/2264 train_loss=0.6210 train_acc=0.6403
Epoch 24 step 700/2264 train_loss=0.6199 train_acc=0.6400
Epoch 24 step 800/2264 train_loss=0.6203 train_acc=0.6400
Epoch 24 step 900/2264 train_loss=0.6203 train_acc=0.6410
Epoch 24 step 1000/2264 train_loss=0.6203 train_acc=0.6408
Epoch 24 step 1100/2264 train_loss=0.6214 train_acc=0.6420
Epoch 24 step 1200/2264 train_loss=0.6220 train_acc=0.6420
Epoch 24 step 1300/2264 train_loss=0.6223 train_acc=0.6410
Epoch 24 step 1400/2264 train_loss=0.6225 train_acc=0.6410
Epoch 24 step 1500/2264 train_loss=0.6219 train_acc=0.6416
Epoch 24 step 1600/2264 train_loss=0.6222 train_acc=0.6411
Epoch 24 step 1700/2264 train_loss=0.6221 train_acc=0.6414
Epoch 24 step 1800/2264 train_loss=0.6217 train_acc=0.6422
Epoch 24 step 1900/2264 train_loss=0.6222 train_acc=0.6416
Epoch 24 step 2000/2264 train_loss=0.6219 train_acc=0.6422
Epoch 24 step 2100/2264 train_loss=0.6221 train_acc=0.6416
Epoch 24 step 2200/2264 train_loss=0.6223 train_acc=0.6412
Epoch 24: train_loss=0.6223 train_acc=0.6412 test_loss=0.6378
  test_overall: count=9057 acc=0.6200 fpr=0.5038 recall=0.7121 auroc=0.6703
  test_single: count=7470 acc=0.6205 fpr=0.4891 recall=0.6986 auroc=0.6733
  test_overlap: count=1587 acc=0.6175 fpr=0.5642 recall=0.7825 auroc=0.6610
Epoch 25 step 100/2264 train_loss=0.6218 train_acc=0.6444
Epoch 25 step 200/2264 train_loss=0.6203 train_acc=0.6469
Epoch 25 step 300/2264 train_loss=0.6145 train_acc=0.6544
Epoch 25 step 400/2264 train_loss=0.6180 train_acc=0.6480
Epoch 25 step 500/2264 train_loss=0.6180 train_acc=0.6464
Epoch 25 step 600/2264 train_loss=0.6202 train_acc=0.6425
Epoch 25 step 700/2264 train_loss=0.6204 train_acc=0.6422
Epoch 25 step 800/2264 train_loss=0.6203 train_acc=0.6432
Epoch 25 step 900/2264 train_loss=0.6213 train_acc=0.6405
Epoch 25 step 1000/2264 train_loss=0.6222 train_acc=0.6389
Epoch 25 step 1100/2264 train_loss=0.6239 train_acc=0.6364
Epoch 25 step 1200/2264 train_loss=0.6233 train_acc=0.6369
Epoch 25 step 1300/2264 train_loss=0.6229 train_acc=0.6381
Epoch 25 step 1400/2264 train_loss=0.6230 train_acc=0.6383
Epoch 25 step 1500/2264 train_loss=0.6234 train_acc=0.6378
Epoch 25 step 1600/2264 train_loss=0.6235 train_acc=0.6387
Epoch 25 step 1700/2264 train_loss=0.6228 train_acc=0.6392
Epoch 25 step 1800/2264 train_loss=0.6226 train_acc=0.6398
Epoch 25 step 1900/2264 train_loss=0.6225 train_acc=0.6402
Epoch 25 step 2000/2264 train_loss=0.6223 train_acc=0.6402
Epoch 25 step 2100/2264 train_loss=0.6223 train_acc=0.6405
Epoch 25 step 2200/2264 train_loss=0.6225 train_acc=0.6401
Epoch 25: train_loss=0.6223 train_acc=0.6405 test_loss=0.6375
  test_overall: count=9057 acc=0.6212 fpr=0.3930 recall=0.6317 auroc=0.6670
  test_single: count=7470 acc=0.6248 fpr=0.3878 recall=0.6337 auroc=0.6691
  test_overlap: count=1587 acc=0.6043 fpr=0.4146 recall=0.6214 auroc=0.6622
Saved new best checkpoint: checkpoints/manifest_multisensor_crop_scheme2_train_s5p_replaced_plus_s5p_only_old2025_s5p_balanced_by_plumeid__manifest_multisensor_crop_scheme2_test_s5p_replaced_plus_s5p_only_old2025_with_pred_correct_filtered_overlapfixed__ft/ckpt_best_test.pth (test_acc=0.6212)
Epoch 26 step 100/2264 train_loss=0.6243 train_acc=0.6269
Epoch 26 step 200/2264 train_loss=0.6168 train_acc=0.6456
Epoch 26 step 300/2264 train_loss=0.6178 train_acc=0.6433
Epoch 26 step 400/2264 train_loss=0.6148 train_acc=0.6500
Epoch 26 step 500/2264 train_loss=0.6192 train_acc=0.6462
Epoch 26 step 600/2264 train_loss=0.6206 train_acc=0.6428
Epoch 26 step 700/2264 train_loss=0.6198 train_acc=0.6432
Epoch 26 step 800/2264 train_loss=0.6203 train_acc=0.6423
Epoch 26 step 900/2264 train_loss=0.6223 train_acc=0.6397
Epoch 26 step 1000/2264 train_loss=0.6224 train_acc=0.6391
Epoch 26 step 1100/2264 train_loss=0.6225 train_acc=0.6388
Epoch 26 step 1200/2264 train_loss=0.6222 train_acc=0.6392
Epoch 26 step 1300/2264 train_loss=0.6220 train_acc=0.6403
Epoch 26 step 1400/2264 train_loss=0.6225 train_acc=0.6392
Epoch 26 step 1500/2264 train_loss=0.6220 train_acc=0.6398
Epoch 26 step 1600/2264 train_loss=0.6218 train_acc=0.6404
Epoch 26 step 1700/2264 train_loss=0.6223 train_acc=0.6401
Epoch 26 step 1800/2264 train_loss=0.6213 train_acc=0.6417
Epoch 26 step 1900/2264 train_loss=0.6211 train_acc=0.6417
Epoch 26 step 2000/2264 train_loss=0.6210 train_acc=0.6422
Epoch 26 step 2100/2264 train_loss=0.6211 train_acc=0.6422
Epoch 26 step 2200/2264 train_loss=0.6214 train_acc=0.6415
Epoch 26: train_loss=0.6216 train_acc=0.6411 test_loss=0.6378
  test_overall: count=9057 acc=0.6237 fpr=0.4732 recall=0.6959 auroc=0.6755
  test_single: count=7470 acc=0.6257 fpr=0.4698 recall=0.6938 auroc=0.6796
  test_overlap: count=1587 acc=0.6144 fpr=0.4874 recall=0.7067 auroc=0.6598
Saved new best checkpoint: checkpoints/manifest_multisensor_crop_scheme2_train_s5p_replaced_plus_s5p_only_old2025_s5p_balanced_by_plumeid__manifest_multisensor_crop_scheme2_test_s5p_replaced_plus_s5p_only_old2025_with_pred_correct_filtered_overlapfixed__ft/ckpt_best_test.pth (test_acc=0.6237)
Epoch 27 step 100/2264 train_loss=0.6229 train_acc=0.6356
Epoch 27 step 200/2264 train_loss=0.6203 train_acc=0.6450
Epoch 27 step 300/2264 train_loss=0.6236 train_acc=0.6317
Epoch 27 step 400/2264 train_loss=0.6246 train_acc=0.6302
Epoch 27 step 500/2264 train_loss=0.6217 train_acc=0.6354
Epoch 27 step 600/2264 train_loss=0.6206 train_acc=0.6388
Epoch 27 step 700/2264 train_loss=0.6211 train_acc=0.6381
Epoch 27 step 800/2264 train_loss=0.6221 train_acc=0.6365
Epoch 27 step 900/2264 train_loss=0.6224 train_acc=0.6371
Epoch 27 step 1000/2264 train_loss=0.6226 train_acc=0.6360
Epoch 27 step 1100/2264 train_loss=0.6215 train_acc=0.6382
Epoch 27 step 1200/2264 train_loss=0.6211 train_acc=0.6386
Epoch 27 step 1300/2264 train_loss=0.6218 train_acc=0.6391
Epoch 27 step 1400/2264 train_loss=0.6226 train_acc=0.6384
Epoch 27 step 1500/2264 train_loss=0.6223 train_acc=0.6392
Epoch 27 step 1600/2264 train_loss=0.6223 train_acc=0.6392
Epoch 27 step 1700/2264 train_loss=0.6220 train_acc=0.6403
Epoch 27 step 1800/2264 train_loss=0.6220 train_acc=0.6406
Epoch 27 step 1900/2264 train_loss=0.6216 train_acc=0.6407
Epoch 27 step 2000/2264 train_loss=0.6211 train_acc=0.6420
Epoch 27 step 2100/2264 train_loss=0.6213 train_acc=0.6414
Epoch 27 step 2200/2264 train_loss=0.6213 train_acc=0.6409
Epoch 27: train_loss=0.6216 train_acc=0.6400 test_loss=0.6351
  test_overall: count=9057 acc=0.6115 fpr=0.5840 recall=0.7569 auroc=0.6743
  test_single: count=7470 acc=0.6143 fpr=0.5688 recall=0.7450 auroc=0.6787
  test_overlap: count=1587 acc=0.5980 fpr=0.6464 recall=0.8197 auroc=0.6574
Epoch 28 step 100/2264 train_loss=0.6190 train_acc=0.6519
Epoch 28 step 200/2264 train_loss=0.6230 train_acc=0.6462
Epoch 28 step 300/2264 train_loss=0.6206 train_acc=0.6490
Epoch 28 step 400/2264 train_loss=0.6225 train_acc=0.6423
Epoch 28 step 500/2264 train_loss=0.6228 train_acc=0.6409
Epoch 28 step 600/2264 train_loss=0.6234 train_acc=0.6400
Epoch 28 step 700/2264 train_loss=0.6230 train_acc=0.6412
Epoch 28 step 800/2264 train_loss=0.6213 train_acc=0.6440
Epoch 28 step 900/2264 train_loss=0.6203 train_acc=0.6452
Epoch 28 step 1000/2264 train_loss=0.6194 train_acc=0.6472
Epoch 28 step 1100/2264 train_loss=0.6199 train_acc=0.6453
Epoch 28 step 1200/2264 train_loss=0.6204 train_acc=0.6459
Epoch 28 step 1300/2264 train_loss=0.6205 train_acc=0.6449
Epoch 28 step 1400/2264 train_loss=0.6209 train_acc=0.6443
Epoch 28 step 1500/2264 train_loss=0.6208 train_acc=0.6442
Epoch 28 step 1600/2264 train_loss=0.6208 train_acc=0.6441
Epoch 28 step 1700/2264 train_loss=0.6205 train_acc=0.6448
Epoch 28 step 1800/2264 train_loss=0.6209 train_acc=0.6441
Epoch 28 step 1900/2264 train_loss=0.6209 train_acc=0.6438
Epoch 28 step 2000/2264 train_loss=0.6211 train_acc=0.6433
Epoch 28 step 2100/2264 train_loss=0.6207 train_acc=0.6438
Epoch 28 step 2200/2264 train_loss=0.6210 train_acc=0.6430
Epoch 28: train_loss=0.6211 train_acc=0.6424 test_loss=0.6361
  test_overall: count=9057 acc=0.6189 fpr=0.4810 recall=0.6932 auroc=0.6687
  test_single: count=7470 acc=0.6212 fpr=0.4711 recall=0.6869 auroc=0.6735
  test_overlap: count=1587 acc=0.6081 fpr=0.5219 recall=0.7260 auroc=0.6502
Epoch 29 step 100/2264 train_loss=0.6149 train_acc=0.6456
Epoch 29 step 200/2264 train_loss=0.6198 train_acc=0.6394
Epoch 29 step 300/2264 train_loss=0.6234 train_acc=0.6342
Epoch 29 step 400/2264 train_loss=0.6211 train_acc=0.6348
Epoch 29 step 500/2264 train_loss=0.6224 train_acc=0.6340
Epoch 29 step 600/2264 train_loss=0.6238 train_acc=0.6312
Epoch 29 step 700/2264 train_loss=0.6233 train_acc=0.6327
Epoch 29 step 800/2264 train_loss=0.6252 train_acc=0.6324
Epoch 29 step 900/2264 train_loss=0.6255 train_acc=0.6308
Epoch 29 step 1000/2264 train_loss=0.6249 train_acc=0.6328
Epoch 29 step 1100/2264 train_loss=0.6245 train_acc=0.6337
Epoch 29 step 1200/2264 train_loss=0.6242 train_acc=0.6345
Epoch 29 step 1300/2264 train_loss=0.6237 train_acc=0.6355
Epoch 29 step 1400/2264 train_loss=0.6238 train_acc=0.6358
Epoch 29 step 1500/2264 train_loss=0.6240 train_acc=0.6353
Epoch 29 step 1600/2264 train_loss=0.6237 train_acc=0.6359
Epoch 29 step 1700/2264 train_loss=0.6225 train_acc=0.6371
Epoch 29 step 1800/2264 train_loss=0.6228 train_acc=0.6372
Epoch 29 step 1900/2264 train_loss=0.6220 train_acc=0.6387
Epoch 29 step 2000/2264 train_loss=0.6217 train_acc=0.6397
Epoch 29 step 2100/2264 train_loss=0.6215 train_acc=0.6395
Epoch 29 step 2200/2264 train_loss=0.6214 train_acc=0.6395
Epoch 29: train_loss=0.6211 train_acc=0.6397 test_loss=0.6360
  test_overall: count=9057 acc=0.6194 fpr=0.4442 recall=0.6668 auroc=0.6724
  test_single: count=7470 acc=0.6224 fpr=0.4402 recall=0.6670 auroc=0.6768
  test_overlap: count=1587 acc=0.6055 fpr=0.4609 recall=0.6659 auroc=0.6559
Epoch 30 step 100/2264 train_loss=0.6216 train_acc=0.6525
Epoch 30 step 200/2264 train_loss=0.6228 train_acc=0.6503
Epoch 30 step 300/2264 train_loss=0.6213 train_acc=0.6510
Epoch 30 step 400/2264 train_loss=0.6199 train_acc=0.6503
Epoch 30 step 500/2264 train_loss=0.6207 train_acc=0.6478
Epoch 30 step 600/2264 train_loss=0.6220 train_acc=0.6461
Epoch 30 step 700/2264 train_loss=0.6208 train_acc=0.6475
Epoch 30 step 800/2264 train_loss=0.6226 train_acc=0.6443
Epoch 30 step 900/2264 train_loss=0.6221 train_acc=0.6442
Epoch 30 step 1000/2264 train_loss=0.6219 train_acc=0.6442
Epoch 30 step 1100/2264 train_loss=0.6216 train_acc=0.6438
Epoch 30 step 1200/2264 train_loss=0.6218 train_acc=0.6435
Epoch 30 step 1300/2264 train_loss=0.6220 train_acc=0.6434
Epoch 30 step 1400/2264 train_loss=0.6217 train_acc=0.6426
Epoch 30 step 1500/2264 train_loss=0.6216 train_acc=0.6427
Epoch 30 step 1600/2264 train_loss=0.6213 train_acc=0.6418
Epoch 30 step 1700/2264 train_loss=0.6217 train_acc=0.6408
Epoch 30 step 1800/2264 train_loss=0.6216 train_acc=0.6410
Epoch 30 step 1900/2264 train_loss=0.6216 train_acc=0.6410
Epoch 30 step 2000/2264 train_loss=0.6212 train_acc=0.6424
Epoch 30 step 2100/2264 train_loss=0.6206 train_acc=0.6436
Epoch 30 step 2200/2264 train_loss=0.6208 train_acc=0.6430
Epoch 30: train_loss=0.6210 train_acc=0.6426 test_loss=0.6343
  test_overall: count=9057 acc=0.6161 fpr=0.5431 recall=0.7346 auroc=0.6751
  test_single: count=7470 acc=0.6183 fpr=0.5289 recall=0.7234 auroc=0.6802
  test_overlap: count=1587 acc=0.6055 fpr=0.6013 recall=0.7933 auroc=0.6554
Epoch 31 step 100/2264 train_loss=0.6163 train_acc=0.6500
Epoch 31 step 200/2264 train_loss=0.6242 train_acc=0.6450
Epoch 31 step 300/2264 train_loss=0.6226 train_acc=0.6444
Epoch 31 step 400/2264 train_loss=0.6215 train_acc=0.6427
Epoch 31 step 500/2264 train_loss=0.6225 train_acc=0.6395
Epoch 31 step 600/2264 train_loss=0.6225 train_acc=0.6405
Epoch 31 step 700/2264 train_loss=0.6234 train_acc=0.6395
Epoch 31 step 800/2264 train_loss=0.6239 train_acc=0.6402
Epoch 31 step 900/2264 train_loss=0.6234 train_acc=0.6394
Epoch 31 step 1000/2264 train_loss=0.6212 train_acc=0.6419
Epoch 31 step 1100/2264 train_loss=0.6215 train_acc=0.6413
Epoch 31 step 1200/2264 train_loss=0.6216 train_acc=0.6416
Epoch 31 step 1300/2264 train_loss=0.6213 train_acc=0.6420
Epoch 31 step 1400/2264 train_loss=0.6206 train_acc=0.6430
Epoch 31 step 1500/2264 train_loss=0.6209 train_acc=0.6425
Epoch 31 step 1600/2264 train_loss=0.6211 train_acc=0.6417
Epoch 31 step 1700/2264 train_loss=0.6210 train_acc=0.6419
Epoch 31 step 1800/2264 train_loss=0.6213 train_acc=0.6414
Epoch 31 step 1900/2264 train_loss=0.6210 train_acc=0.6432
Epoch 31 step 2000/2264 train_loss=0.6206 train_acc=0.6429
Epoch 31 step 2100/2264 train_loss=0.6212 train_acc=0.6419
Epoch 31 step 2200/2264 train_loss=0.6207 train_acc=0.6426
Epoch 31: train_loss=0.6213 train_acc=0.6420 test_loss=0.6380
  test_overall: count=9057 acc=0.6154 fpr=0.6952 recall=0.8467 auroc=0.6762
  test_single: count=7470 acc=0.6245 fpr=0.6846 recall=0.8450 auroc=0.6808
  test_overlap: count=1587 acc=0.5728 fpr=0.7391 recall=0.8558 auroc=0.6588
Epoch 32 step 100/2264 train_loss=0.6104 train_acc=0.6525
Epoch 32 step 200/2264 train_loss=0.6203 train_acc=0.6409
Epoch 32 step 300/2264 train_loss=0.6255 train_acc=0.6410
Epoch 32 step 400/2264 train_loss=0.6229 train_acc=0.6414
Epoch 32 step 500/2264 train_loss=0.6226 train_acc=0.6416
Epoch 32 step 600/2264 train_loss=0.6236 train_acc=0.6397
Epoch 32 step 700/2264 train_loss=0.6220 train_acc=0.6420
Epoch 32 step 800/2264 train_loss=0.6196 train_acc=0.6460
Epoch 32 step 900/2264 train_loss=0.6201 train_acc=0.6453
Epoch 32 step 1000/2264 train_loss=0.6185 train_acc=0.6469
Epoch 32 step 1100/2264 train_loss=0.6196 train_acc=0.6452
Epoch 32 step 1200/2264 train_loss=0.6194 train_acc=0.6452
Epoch 32 step 1300/2264 train_loss=0.6185 train_acc=0.6445
Epoch 32 step 1400/2264 train_loss=0.6194 train_acc=0.6443
Epoch 32 step 1500/2264 train_loss=0.6191 train_acc=0.6443
Epoch 32 step 1600/2264 train_loss=0.6199 train_acc=0.6436
Epoch 32 step 1700/2264 train_loss=0.6194 train_acc=0.6435
Epoch 32 step 1800/2264 train_loss=0.6196 train_acc=0.6433
Epoch 32 step 1900/2264 train_loss=0.6203 train_acc=0.6424
Epoch 32 step 2000/2264 train_loss=0.6202 train_acc=0.6417
Epoch 32 step 2100/2264 train_loss=0.6202 train_acc=0.6416
Epoch 32 step 2200/2264 train_loss=0.6205 train_acc=0.6415
Epoch 32: train_loss=0.6206 train_acc=0.6413 test_loss=0.6362
  test_overall: count=9057 acc=0.6151 fpr=0.5162 recall=0.7128 auroc=0.6684
  test_single: count=7470 acc=0.6163 fpr=0.5032 recall=0.7016 auroc=0.6717
  test_overlap: count=1587 acc=0.6093 fpr=0.5695 recall=0.7716 auroc=0.6588
Epoch 33 step 100/2264 train_loss=0.6085 train_acc=0.6469
Epoch 33 step 200/2264 train_loss=0.6193 train_acc=0.6422
Epoch 33 step 300/2264 train_loss=0.6145 train_acc=0.6456
Epoch 33 step 400/2264 train_loss=0.6170 train_acc=0.6420
Epoch 33 step 500/2264 train_loss=0.6174 train_acc=0.6405
Epoch 33 step 600/2264 train_loss=0.6177 train_acc=0.6421
Epoch 33 step 700/2264 train_loss=0.6200 train_acc=0.6398
Epoch 33 step 800/2264 train_loss=0.6204 train_acc=0.6391
Epoch 33 step 900/2264 train_loss=0.6207 train_acc=0.6384
Epoch 33 step 1000/2264 train_loss=0.6208 train_acc=0.6386
Epoch 33 step 1100/2264 train_loss=0.6203 train_acc=0.6398
Epoch 33 step 1200/2264 train_loss=0.6200 train_acc=0.6398
Epoch 33 step 1300/2264 train_loss=0.6200 train_acc=0.6403
Epoch 33 step 1400/2264 train_loss=0.6193 train_acc=0.6429
Epoch 33 step 1500/2264 train_loss=0.6194 train_acc=0.6437
Epoch 33 step 1600/2264 train_loss=0.6186 train_acc=0.6443
Epoch 33 step 1700/2264 train_loss=0.6192 train_acc=0.6436
Epoch 33 step 1800/2264 train_loss=0.6190 train_acc=0.6440
Epoch 33 step 1900/2264 train_loss=0.6190 train_acc=0.6441
Epoch 33 step 2000/2264 train_loss=0.6195 train_acc=0.6433
Epoch 33 step 2100/2264 train_loss=0.6198 train_acc=0.6430
Epoch 33 step 2200/2264 train_loss=0.6197 train_acc=0.6432
Epoch 33: train_loss=0.6203 train_acc=0.6425 test_loss=0.6349
  test_overall: count=9057 acc=0.6219 fpr=0.4476 recall=0.6737 auroc=0.6713
  test_single: count=7470 acc=0.6240 fpr=0.4444 recall=0.6727 auroc=0.6749
  test_overlap: count=1587 acc=0.6125 fpr=0.4609 recall=0.6791 auroc=0.6589
Epoch 34 step 100/2264 train_loss=0.6266 train_acc=0.6375
Epoch 34 step 200/2264 train_loss=0.6199 train_acc=0.6531
Epoch 34 step 300/2264 train_loss=0.6183 train_acc=0.6550
Epoch 34 step 400/2264 train_loss=0.6200 train_acc=0.6494
Epoch 34 step 500/2264 train_loss=0.6212 train_acc=0.6458
Epoch 34 step 600/2264 train_loss=0.6217 train_acc=0.6462
Epoch 34 step 700/2264 train_loss=0.6224 train_acc=0.6447
Epoch 34 step 800/2264 train_loss=0.6220 train_acc=0.6434
Epoch 34 step 900/2264 train_loss=0.6213 train_acc=0.6426
Epoch 34 step 1000/2264 train_loss=0.6195 train_acc=0.6439
Epoch 34 step 1100/2264 train_loss=0.6188 train_acc=0.6449
Epoch 34 step 1200/2264 train_loss=0.6190 train_acc=0.6443
Epoch 34 step 1300/2264 train_loss=0.6192 train_acc=0.6444
Epoch 34 step 1400/2264 train_loss=0.6188 train_acc=0.6447
Epoch 34 step 1500/2264 train_loss=0.6183 train_acc=0.6452
Epoch 34 step 1600/2264 train_loss=0.6193 train_acc=0.6436
Epoch 34 step 1700/2264 train_loss=0.6193 train_acc=0.6435
Epoch 34 step 1800/2264 train_loss=0.6206 train_acc=0.6419
Epoch 34 step 1900/2264 train_loss=0.6206 train_acc=0.6419
Epoch 34 step 2000/2264 train_loss=0.6207 train_acc=0.6418
Epoch 34 step 2100/2264 train_loss=0.6207 train_acc=0.6418
Epoch 34 step 2200/2264 train_loss=0.6201 train_acc=0.6427
Epoch 34: train_loss=0.6200 train_acc=0.6429 test_loss=0.6398
  test_overall: count=9057 acc=0.6194 fpr=0.3547 recall=0.6002 auroc=0.6725
  test_single: count=7470 acc=0.6256 fpr=0.3498 recall=0.6080 auroc=0.6774
  test_overlap: count=1587 acc=0.5904 fpr=0.3748 recall=0.5589 auroc=0.6536
Epoch 35 step 100/2264 train_loss=0.6228 train_acc=0.6388
Epoch 35 step 200/2264 train_loss=0.6172 train_acc=0.6444
Epoch 35 step 300/2264 train_loss=0.6164 train_acc=0.6442
Epoch 35 step 400/2264 train_loss=0.6150 train_acc=0.6477
Epoch 35 step 500/2264 train_loss=0.6166 train_acc=0.6450
Epoch 35 step 600/2264 train_loss=0.6185 train_acc=0.6434
Epoch 35 step 700/2264 train_loss=0.6177 train_acc=0.6443
Epoch 35 step 800/2264 train_loss=0.6177 train_acc=0.6433
Epoch 35 step 900/2264 train_loss=0.6193 train_acc=0.6406
Epoch 35 step 1000/2264 train_loss=0.6190 train_acc=0.6412
Epoch 35 step 1100/2264 train_loss=0.6185 train_acc=0.6433
Epoch 35 step 1200/2264 train_loss=0.6180 train_acc=0.6447
Epoch 35 step 1300/2264 train_loss=0.6186 train_acc=0.6446
Epoch 35 step 1400/2264 train_loss=0.6183 train_acc=0.6450
Epoch 35 step 1500/2264 train_loss=0.6183 train_acc=0.6438
Epoch 35 step 1600/2264 train_loss=0.6189 train_acc=0.6427
Epoch 35 step 1700/2264 train_loss=0.6189 train_acc=0.6419
Epoch 35 step 1800/2264 train_loss=0.6195 train_acc=0.6413
Epoch 35 step 1900/2264 train_loss=0.6197 train_acc=0.6410
Epoch 35 step 2000/2264 train_loss=0.6197 train_acc=0.6422
Epoch 35 step 2100/2264 train_loss=0.6199 train_acc=0.6423
Epoch 35 step 2200/2264 train_loss=0.6196 train_acc=0.6427
Epoch 35: train_loss=0.6198 train_acc=0.6429 test_loss=0.6369
  test_overall: count=9057 acc=0.6196 fpr=0.4515 recall=0.6726 auroc=0.6694
  test_single: count=7470 acc=0.6229 fpr=0.4473 recall=0.6729 auroc=0.6735
  test_overlap: count=1587 acc=0.6043 fpr=0.4689 recall=0.6707 auroc=0.6564
Epoch 36 step 100/2264 train_loss=0.6371 train_acc=0.6388
Epoch 36 step 200/2264 train_loss=0.6257 train_acc=0.6409
Epoch 36 step 300/2264 train_loss=0.6276 train_acc=0.6338
Epoch 36 step 400/2264 train_loss=0.6268 train_acc=0.6367
Epoch 36 step 500/2264 train_loss=0.6234 train_acc=0.6421
Epoch 36 step 600/2264 train_loss=0.6221 train_acc=0.6431
Epoch 36 step 700/2264 train_loss=0.6215 train_acc=0.6439
Epoch 36 step 800/2264 train_loss=0.6212 train_acc=0.6427
Epoch 36 step 900/2264 train_loss=0.6221 train_acc=0.6419
Epoch 36 step 1000/2264 train_loss=0.6224 train_acc=0.6411
Epoch 36 step 1100/2264 train_loss=0.6218 train_acc=0.6417
Epoch 36 step 1200/2264 train_loss=0.6214 train_acc=0.6422
Epoch 36 step 1300/2264 train_loss=0.6216 train_acc=0.6417
Epoch 36 step 1400/2264 train_loss=0.6207 train_acc=0.6427
Epoch 36 step 1500/2264 train_loss=0.6205 train_acc=0.6427
Epoch 36 step 1600/2264 train_loss=0.6209 train_acc=0.6419
Epoch 36 step 1700/2264 train_loss=0.6208 train_acc=0.6420
Epoch 36 step 1800/2264 train_loss=0.6207 train_acc=0.6421
Epoch 36 step 1900/2264 train_loss=0.6201 train_acc=0.6428
Epoch 36 step 2000/2264 train_loss=0.6204 train_acc=0.6416
Epoch 36 step 2100/2264 train_loss=0.6200 train_acc=0.6424
Epoch 36 step 2200/2264 train_loss=0.6200 train_acc=0.6427
Epoch 36: train_loss=0.6199 train_acc=0.6430 test_loss=0.6372
  test_overall: count=9057 acc=0.6192 fpr=0.5392 recall=0.7371 auroc=0.6749
  test_single: count=7470 acc=0.6214 fpr=0.5286 recall=0.7284 auroc=0.6795
  test_overlap: count=1587 acc=0.6087 fpr=0.5828 recall=0.7825 auroc=0.6569
Epoch 37 step 100/2264 train_loss=0.6149 train_acc=0.6544
Epoch 37 step 200/2264 train_loss=0.6159 train_acc=0.6522
Epoch 37 step 300/2264 train_loss=0.6181 train_acc=0.6490
Epoch 37 step 400/2264 train_loss=0.6218 train_acc=0.6434
Epoch 37 step 500/2264 train_loss=0.6215 train_acc=0.6449
Epoch 37 step 600/2264 train_loss=0.6229 train_acc=0.6421
Epoch 37 step 700/2264 train_loss=0.6224 train_acc=0.6417
Epoch 37 step 800/2264 train_loss=0.6216 train_acc=0.6437
Epoch 37 step 900/2264 train_loss=0.6223 train_acc=0.6437
Epoch 37 step 1000/2264 train_loss=0.6221 train_acc=0.6437
Epoch 37 step 1100/2264 train_loss=0.6217 train_acc=0.6443
Epoch 37 step 1200/2264 train_loss=0.6206 train_acc=0.6462
Epoch 37 step 1300/2264 train_loss=0.6209 train_acc=0.6454
Epoch 37 step 1400/2264 train_loss=0.6196 train_acc=0.6461
Epoch 37 step 1500/2264 train_loss=0.6199 train_acc=0.6452
Epoch 37 step 1600/2264 train_loss=0.6196 train_acc=0.6457
Epoch 37 step 1700/2264 train_loss=0.6205 train_acc=0.6439
Epoch 37 step 1800/2264 train_loss=0.6203 train_acc=0.6447
Epoch 37 step 1900/2264 train_loss=0.6203 train_acc=0.6453
Epoch 37 step 2000/2264 train_loss=0.6200 train_acc=0.6456
Epoch 37 step 2100/2264 train_loss=0.6200 train_acc=0.6449
Epoch 37 step 2200/2264 train_loss=0.6191 train_acc=0.6451
Epoch 37: train_loss=0.6195 train_acc=0.6444 test_loss=0.6380
  test_overall: count=9057 acc=0.6196 fpr=0.6867 recall=0.8477 auroc=0.6783
  test_single: count=7470 acc=0.6269 fpr=0.6765 recall=0.8433 auroc=0.6835
  test_overlap: count=1587 acc=0.5854 fpr=0.7285 recall=0.8702 auroc=0.6572
Epoch 38 step 100/2264 train_loss=0.6314 train_acc=0.6412
Epoch 38 step 200/2264 train_loss=0.6277 train_acc=0.6416
Epoch 38 step 300/2264 train_loss=0.6269 train_acc=0.6377
Epoch 38 step 400/2264 train_loss=0.6244 train_acc=0.6364
Epoch 38 step 500/2264 train_loss=0.6216 train_acc=0.6389
Epoch 38 step 600/2264 train_loss=0.6230 train_acc=0.6397
Epoch 38 step 700/2264 train_loss=0.6226 train_acc=0.6381
Epoch 38 step 800/2264 train_loss=0.6237 train_acc=0.6369
Epoch 38 step 900/2264 train_loss=0.6235 train_acc=0.6389
Epoch 38 step 1000/2264 train_loss=0.6236 train_acc=0.6386
Epoch 38 step 1100/2264 train_loss=0.6220 train_acc=0.6410
Epoch 38 step 1200/2264 train_loss=0.6218 train_acc=0.6404
Epoch 38 step 1300/2264 train_loss=0.6217 train_acc=0.6405
Epoch 38 step 1400/2264 train_loss=0.6221 train_acc=0.6396
Epoch 38 step 1500/2264 train_loss=0.6222 train_acc=0.6389
Epoch 38 step 1600/2264 train_loss=0.6219 train_acc=0.6394
Epoch 38 step 1700/2264 train_loss=0.6208 train_acc=0.6412
Epoch 38 step 1800/2264 train_loss=0.6213 train_acc=0.6411
Epoch 38 step 1900/2264 train_loss=0.6208 train_acc=0.6419
Epoch 38 step 2000/2264 train_loss=0.6200 train_acc=0.6434
Epoch 38 step 2100/2264 train_loss=0.6202 train_acc=0.6435
Epoch 38 step 2200/2264 train_loss=0.6198 train_acc=0.6441
Epoch 38: train_loss=0.6196 train_acc=0.6443 test_loss=0.6345
  test_overall: count=9057 acc=0.6247 fpr=0.4843 recall=0.7059 auroc=0.6754
  test_single: count=7470 acc=0.6257 fpr=0.4801 recall=0.7011 auroc=0.6804
  test_overlap: count=1587 acc=0.6200 fpr=0.5020 recall=0.7308 auroc=0.6563
Saved new best checkpoint: checkpoints/manifest_multisensor_crop_scheme2_train_s5p_replaced_plus_s5p_only_old2025_s5p_balanced_by_plumeid__manifest_multisensor_crop_scheme2_test_s5p_replaced_plus_s5p_only_old2025_with_pred_correct_filtered_overlapfixed__ft/ckpt_best_test.pth (test_acc=0.6247)
Epoch 39 step 100/2264 train_loss=0.6095 train_acc=0.6587
Epoch 39 step 200/2264 train_loss=0.6138 train_acc=0.6525
Epoch 39 step 300/2264 train_loss=0.6146 train_acc=0.6544
Epoch 39 step 400/2264 train_loss=0.6167 train_acc=0.6509
Epoch 39 step 500/2264 train_loss=0.6158 train_acc=0.6538
Epoch 39 step 600/2264 train_loss=0.6163 train_acc=0.6536
Epoch 39 step 700/2264 train_loss=0.6172 train_acc=0.6512
Epoch 39 step 800/2264 train_loss=0.6175 train_acc=0.6489
Epoch 39 step 900/2264 train_loss=0.6176 train_acc=0.6486
Epoch 39 step 1000/2264 train_loss=0.6167 train_acc=0.6488
Epoch 39 step 1100/2264 train_loss=0.6164 train_acc=0.6493
Epoch 39 step 1200/2264 train_loss=0.6160 train_acc=0.6492
Epoch 39 step 1300/2264 train_loss=0.6163 train_acc=0.6477
Epoch 39 step 1400/2264 train_loss=0.6164 train_acc=0.6475
Epoch 39 step 1500/2264 train_loss=0.6164 train_acc=0.6470
Epoch 39 step 1600/2264 train_loss=0.6168 train_acc=0.6471
Epoch 39 step 1700/2264 train_loss=0.6177 train_acc=0.6465
Epoch 39 step 1800/2264 train_loss=0.6178 train_acc=0.6468
Epoch 39 step 1900/2264 train_loss=0.6183 train_acc=0.6465
Epoch 39 step 2000/2264 train_loss=0.6185 train_acc=0.6461
Epoch 39 step 2100/2264 train_loss=0.6185 train_acc=0.6459
Epoch 39 step 2200/2264 train_loss=0.6187 train_acc=0.6456
Epoch 39: train_loss=0.6191 train_acc=0.6448 test_loss=0.6334
  test_overall: count=9057 acc=0.6261 fpr=0.4644 recall=0.6936 auroc=0.6762
  test_single: count=7470 acc=0.6292 fpr=0.4576 recall=0.6911 auroc=0.6807
  test_overlap: count=1587 acc=0.6118 fpr=0.4927 recall=0.7067 auroc=0.6597
Saved new best checkpoint: checkpoints/manifest_multisensor_crop_scheme2_train_s5p_replaced_plus_s5p_only_old2025_s5p_balanced_by_plumeid__manifest_multisensor_crop_scheme2_test_s5p_replaced_plus_s5p_only_old2025_with_pred_correct_filtered_overlapfixed__ft/ckpt_best_test.pth (test_acc=0.6261)
Epoch 40 step 100/2264 train_loss=0.5991 train_acc=0.6581
Epoch 40 step 200/2264 train_loss=0.6088 train_acc=0.6469
Epoch 40 step 300/2264 train_loss=0.6094 train_acc=0.6500
Epoch 40 step 400/2264 train_loss=0.6120 train_acc=0.6472
Epoch 40 step 500/2264 train_loss=0.6135 train_acc=0.6482
Epoch 40 step 600/2264 train_loss=0.6149 train_acc=0.6480
Epoch 40 step 700/2264 train_loss=0.6154 train_acc=0.6461
Epoch 40 step 800/2264 train_loss=0.6144 train_acc=0.6480
Epoch 40 step 900/2264 train_loss=0.6170 train_acc=0.6460
Epoch 40 step 1000/2264 train_loss=0.6170 train_acc=0.6456
Epoch 40 step 1100/2264 train_loss=0.6171 train_acc=0.6452
Epoch 40 step 1200/2264 train_loss=0.6176 train_acc=0.6441
Epoch 40 step 1300/2264 train_loss=0.6184 train_acc=0.6442
Epoch 40 step 1400/2264 train_loss=0.6188 train_acc=0.6447
Epoch 40 step 1500/2264 train_loss=0.6188 train_acc=0.6452
Epoch 40 step 1600/2264 train_loss=0.6191 train_acc=0.6446
Epoch 40 step 1700/2264 train_loss=0.6187 train_acc=0.6462
Epoch 40 step 1800/2264 train_loss=0.6182 train_acc=0.6467
Epoch 40 step 1900/2264 train_loss=0.6177 train_acc=0.6472
Epoch 40 step 2000/2264 train_loss=0.6177 train_acc=0.6475
Epoch 40 step 2100/2264 train_loss=0.6177 train_acc=0.6472
Epoch 40 step 2200/2264 train_loss=0.6183 train_acc=0.6465
Epoch 40: train_loss=0.6187 train_acc=0.6460 test_loss=0.6341
  test_overall: count=9057 acc=0.6158 fpr=0.4921 recall=0.6961 auroc=0.6726
  test_single: count=7470 acc=0.6189 fpr=0.4785 recall=0.6883 auroc=0.6767
  test_overlap: count=1587 acc=0.6011 fpr=0.5483 recall=0.7368 auroc=0.6580
Epoch 41 step 100/2264 train_loss=0.6216 train_acc=0.6425
Epoch 41 step 200/2264 train_loss=0.6187 train_acc=0.6462
Epoch 41 step 300/2264 train_loss=0.6208 train_acc=0.6456
Epoch 41 step 400/2264 train_loss=0.6199 train_acc=0.6455
Epoch 41 step 500/2264 train_loss=0.6182 train_acc=0.6498
Epoch 41 step 600/2264 train_loss=0.6168 train_acc=0.6505
Epoch 41 step 700/2264 train_loss=0.6167 train_acc=0.6497
Epoch 41 step 800/2264 train_loss=0.6182 train_acc=0.6470
Epoch 41 step 900/2264 train_loss=0.6171 train_acc=0.6461
Epoch 41 step 1000/2264 train_loss=0.6170 train_acc=0.6462
Epoch 41 step 1100/2264 train_loss=0.6178 train_acc=0.6459
Epoch 41 step 1200/2264 train_loss=0.6182 train_acc=0.6459
Epoch 41 step 1300/2264 train_loss=0.6186 train_acc=0.6455
Epoch 41 step 1400/2264 train_loss=0.6189 train_acc=0.6463
Epoch 41 step 1500/2264 train_loss=0.6192 train_acc=0.6452
Epoch 41 step 1600/2264 train_loss=0.6196 train_acc=0.6452
Epoch 41 step 1700/2264 train_loss=0.6189 train_acc=0.6457
Epoch 41 step 1800/2264 train_loss=0.6194 train_acc=0.6453
Epoch 41 step 1900/2264 train_loss=0.6191 train_acc=0.6459
Epoch 41 step 2000/2264 train_loss=0.6193 train_acc=0.6455
Epoch 41 step 2100/2264 train_loss=0.6191 train_acc=0.6452
Epoch 41 step 2200/2264 train_loss=0.6191 train_acc=0.6450
Epoch 41: train_loss=0.6188 train_acc=0.6453 test_loss=0.6406
  test_overall: count=9057 acc=0.6212 fpr=0.4551 recall=0.6780 auroc=0.6728
  test_single: count=7470 acc=0.6237 fpr=0.4498 recall=0.6761 auroc=0.6769
  test_overlap: count=1587 acc=0.6093 fpr=0.4768 recall=0.6875 auroc=0.6588
Epoch 42 step 100/2264 train_loss=0.6172 train_acc=0.6562
Epoch 42 step 200/2264 train_loss=0.6131 train_acc=0.6578
Epoch 42 step 300/2264 train_loss=0.6165 train_acc=0.6481
Epoch 42 step 400/2264 train_loss=0.6177 train_acc=0.6445
Epoch 42 step 500/2264 train_loss=0.6170 train_acc=0.6455
Epoch 42 step 600/2264 train_loss=0.6167 train_acc=0.6472
Epoch 42 step 700/2264 train_loss=0.6153 train_acc=0.6495
Epoch 42 step 800/2264 train_loss=0.6163 train_acc=0.6472
Epoch 42 step 900/2264 train_loss=0.6155 train_acc=0.6465
Epoch 42 step 1000/2264 train_loss=0.6156 train_acc=0.6466
Epoch 42 step 1100/2264 train_loss=0.6156 train_acc=0.6476
Epoch 42 step 1200/2264 train_loss=0.6147 train_acc=0.6486
Epoch 42 step 1300/2264 train_loss=0.6166 train_acc=0.6465
Epoch 42 step 1400/2264 train_loss=0.6175 train_acc=0.6451
Epoch 42 step 1500/2264 train_loss=0.6186 train_acc=0.6446
Epoch 42 step 1600/2264 train_loss=0.6183 train_acc=0.6444
Epoch 42 step 1700/2264 train_loss=0.6179 train_acc=0.6447
Epoch 42 step 1800/2264 train_loss=0.6183 train_acc=0.6439
Epoch 42 step 1900/2264 train_loss=0.6187 train_acc=0.6435
Epoch 42 step 2000/2264 train_loss=0.6185 train_acc=0.6435
Epoch 42 step 2100/2264 train_loss=0.6184 train_acc=0.6443
Epoch 42 step 2200/2264 train_loss=0.6189 train_acc=0.6433
Epoch 42: train_loss=0.6186 train_acc=0.6441 test_loss=0.6363
  test_overall: count=9057 acc=0.6234 fpr=0.4787 recall=0.6993 auroc=0.6744
  test_single: count=7470 acc=0.6253 fpr=0.4759 recall=0.6975 auroc=0.6789
  test_overlap: count=1587 acc=0.6144 fpr=0.4901 recall=0.7091 auroc=0.6573
Epoch 43 step 100/2264 train_loss=0.6230 train_acc=0.6388
Epoch 43 step 200/2264 train_loss=0.6232 train_acc=0.6406
Epoch 43 step 300/2264 train_loss=0.6191 train_acc=0.6467
Epoch 43 step 400/2264 train_loss=0.6159 train_acc=0.6466
Epoch 43 step 500/2264 train_loss=0.6160 train_acc=0.6454
Epoch 43 step 600/2264 train_loss=0.6165 train_acc=0.6446
Epoch 43 step 700/2264 train_loss=0.6169 train_acc=0.6450
Epoch 43 step 800/2264 train_loss=0.6170 train_acc=0.6448
Epoch 43 step 900/2264 train_loss=0.6171 train_acc=0.6445
Epoch 43 step 1000/2264 train_loss=0.6176 train_acc=0.6430
Epoch 43 step 1100/2264 train_loss=0.6178 train_acc=0.6439
Epoch 43 step 1200/2264 train_loss=0.6176 train_acc=0.6445
Epoch 43 step 1300/2264 train_loss=0.6179 train_acc=0.6443
Epoch 43 step 1400/2264 train_loss=0.6178 train_acc=0.6449
Epoch 43 step 1500/2264 train_loss=0.6178 train_acc=0.6454
Epoch 43 step 1600/2264 train_loss=0.6188 train_acc=0.6441
Epoch 43 step 1700/2264 train_loss=0.6186 train_acc=0.6446
Epoch 43 step 1800/2264 train_loss=0.6181 train_acc=0.6449
Epoch 43 step 1900/2264 train_loss=0.6183 train_acc=0.6444
Epoch 43 step 2000/2264 train_loss=0.6184 train_acc=0.6442
Epoch 43 step 2100/2264 train_loss=0.6190 train_acc=0.6437
Epoch 43 step 2200/2264 train_loss=0.6189 train_acc=0.6440
Epoch 43: train_loss=0.6188 train_acc=0.6437 test_loss=0.6336
  test_overall: count=9057 acc=0.6192 fpr=0.4269 recall=0.6535 auroc=0.6770
  test_single: count=7470 acc=0.6233 fpr=0.4241 recall=0.6571 auroc=0.6820
  test_overlap: count=1587 acc=0.5999 fpr=0.4384 recall=0.6346 auroc=0.6561
Epoch 44 step 100/2264 train_loss=0.6214 train_acc=0.6312
Epoch 44 step 200/2264 train_loss=0.6183 train_acc=0.6456
Epoch 44 step 300/2264 train_loss=0.6166 train_acc=0.6435
Epoch 44 step 400/2264 train_loss=0.6169 train_acc=0.6441
Epoch 44 step 500/2264 train_loss=0.6164 train_acc=0.6454
Epoch 44 step 600/2264 train_loss=0.6178 train_acc=0.6425
Epoch 44 step 700/2264 train_loss=0.6178 train_acc=0.6448
Epoch 44 step 800/2264 train_loss=0.6177 train_acc=0.6470
Epoch 44 step 900/2264 train_loss=0.6179 train_acc=0.6466
Epoch 44 step 1000/2264 train_loss=0.6171 train_acc=0.6470
Epoch 44 step 1100/2264 train_loss=0.6179 train_acc=0.6454
Epoch 44 step 1200/2264 train_loss=0.6180 train_acc=0.6453
Epoch 44 step 1300/2264 train_loss=0.6179 train_acc=0.6460
Epoch 44 step 1400/2264 train_loss=0.6178 train_acc=0.6458
Epoch 44 step 1500/2264 train_loss=0.6183 train_acc=0.6453
Epoch 44 step 1600/2264 train_loss=0.6192 train_acc=0.6444
Epoch 44 step 1700/2264 train_loss=0.6195 train_acc=0.6438
Epoch 44 step 1800/2264 train_loss=0.6189 train_acc=0.6448
Epoch 44 step 1900/2264 train_loss=0.6192 train_acc=0.6437
Epoch 44 step 2000/2264 train_loss=0.6192 train_acc=0.6436
Epoch 44 step 2100/2264 train_loss=0.6183 train_acc=0.6438
Epoch 44 step 2200/2264 train_loss=0.6186 train_acc=0.6439
Epoch 44: train_loss=0.6188 train_acc=0.6435 test_loss=0.6361
  test_overall: count=9057 acc=0.6107 fpr=0.5992 recall=0.7669 auroc=0.6766
  test_single: count=7470 acc=0.6103 fpr=0.5907 recall=0.7537 auroc=0.6816
  test_overlap: count=1587 acc=0.6125 fpr=0.6344 recall=0.8365 auroc=0.6559
Epoch 45 step 100/2264 train_loss=0.6107 train_acc=0.6469
Epoch 45 step 200/2264 train_loss=0.6178 train_acc=0.6319
Epoch 45 step 300/2264 train_loss=0.6136 train_acc=0.6452
Epoch 45 step 400/2264 train_loss=0.6141 train_acc=0.6459
Epoch 45 step 500/2264 train_loss=0.6135 train_acc=0.6498
Epoch 45 step 600/2264 train_loss=0.6162 train_acc=0.6478
Epoch 45 step 700/2264 train_loss=0.6181 train_acc=0.6447
Epoch 45 step 800/2264 train_loss=0.6179 train_acc=0.6454
Epoch 45 step 900/2264 train_loss=0.6182 train_acc=0.6459
Epoch 45 step 1000/2264 train_loss=0.6191 train_acc=0.6433
Epoch 45 step 1100/2264 train_loss=0.6198 train_acc=0.6429
Epoch 45 step 1200/2264 train_loss=0.6188 train_acc=0.6442
Epoch 45 step 1300/2264 train_loss=0.6198 train_acc=0.6434
Epoch 45 step 1400/2264 train_loss=0.6203 train_acc=0.6428
Epoch 45 step 1500/2264 train_loss=0.6208 train_acc=0.6422
Epoch 45 step 1600/2264 train_loss=0.6202 train_acc=0.6432
Epoch 45 step 1700/2264 train_loss=0.6200 train_acc=0.6426
Epoch 45 step 1800/2264 train_loss=0.6191 train_acc=0.6438
Epoch 45 step 1900/2264 train_loss=0.6194 train_acc=0.6434
Epoch 45 step 2000/2264 train_loss=0.6191 train_acc=0.6435
Epoch 45 step 2100/2264 train_loss=0.6191 train_acc=0.6431
Epoch 45 step 2200/2264 train_loss=0.6190 train_acc=0.6427
Epoch 45: train_loss=0.6184 train_acc=0.6428 test_loss=0.6382
  test_overall: count=9057 acc=0.6181 fpr=0.5353 recall=0.7323 auroc=0.6726
  test_single: count=7470 acc=0.6191 fpr=0.5264 recall=0.7229 auroc=0.6768
  test_overlap: count=1587 acc=0.6131 fpr=0.5722 recall=0.7812 auroc=0.6574
Epoch 46 step 100/2264 train_loss=0.6125 train_acc=0.6494
Epoch 46 step 200/2264 train_loss=0.6175 train_acc=0.6441
Epoch 46 step 300/2264 train_loss=0.6179 train_acc=0.6417
Epoch 46 step 400/2264 train_loss=0.6172 train_acc=0.6459
Epoch 46 step 500/2264 train_loss=0.6158 train_acc=0.6452
Epoch 46 step 600/2264 train_loss=0.6156 train_acc=0.6447
Epoch 46 step 700/2264 train_loss=0.6161 train_acc=0.6436
Epoch 46 step 800/2264 train_loss=0.6172 train_acc=0.6420
Epoch 46 step 900/2264 train_loss=0.6177 train_acc=0.6406
Epoch 46 step 1000/2264 train_loss=0.6183 train_acc=0.6392
Epoch 46 step 1100/2264 train_loss=0.6175 train_acc=0.6400
Epoch 46 step 1200/2264 train_loss=0.6185 train_acc=0.6393
Epoch 46 step 1300/2264 train_loss=0.6189 train_acc=0.6385
Epoch 46 step 1400/2264 train_loss=0.6194 train_acc=0.6390
Epoch 46 step 1500/2264 train_loss=0.6202 train_acc=0.6380
Epoch 46 step 1600/2264 train_loss=0.6202 train_acc=0.6387
Epoch 46 step 1700/2264 train_loss=0.6200 train_acc=0.6393
Epoch 46 step 1800/2264 train_loss=0.6192 train_acc=0.6411
Epoch 46 step 1900/2264 train_loss=0.6189 train_acc=0.6419
Epoch 46 step 2000/2264 train_loss=0.6189 train_acc=0.6422
Epoch 46 step 2100/2264 train_loss=0.6183 train_acc=0.6432
Epoch 46 step 2200/2264 train_loss=0.6184 train_acc=0.6429
Epoch 46: train_loss=0.6186 train_acc=0.6428 test_loss=0.6346
  test_overall: count=9057 acc=0.6176 fpr=0.4875 recall=0.6959 auroc=0.6727
  test_single: count=7470 acc=0.6205 fpr=0.4801 recall=0.6922 auroc=0.6777
  test_overlap: count=1587 acc=0.6043 fpr=0.5179 recall=0.7151 auroc=0.6537
Epoch 47 step 100/2264 train_loss=0.6086 train_acc=0.6625
Epoch 47 step 200/2264 train_loss=0.6139 train_acc=0.6556
Epoch 47 step 300/2264 train_loss=0.6137 train_acc=0.6562
Epoch 47 step 400/2264 train_loss=0.6159 train_acc=0.6502
Epoch 47 step 500/2264 train_loss=0.6139 train_acc=0.6541
Epoch 47 step 600/2264 train_loss=0.6156 train_acc=0.6507
Epoch 47 step 700/2264 train_loss=0.6150 train_acc=0.6513
Epoch 47 step 800/2264 train_loss=0.6156 train_acc=0.6499
Epoch 47 step 900/2264 train_loss=0.6155 train_acc=0.6506
Epoch 47 step 1000/2264 train_loss=0.6147 train_acc=0.6519
Epoch 47 step 1100/2264 train_loss=0.6154 train_acc=0.6507
Epoch 47 step 1200/2264 train_loss=0.6151 train_acc=0.6517
Epoch 47 step 1300/2264 train_loss=0.6149 train_acc=0.6516
Epoch 47 step 1400/2264 train_loss=0.6150 train_acc=0.6509
Epoch 47 step 1500/2264 train_loss=0.6159 train_acc=0.6491
Epoch 47 step 1600/2264 train_loss=0.6160 train_acc=0.6493
Epoch 47 step 1700/2264 train_loss=0.6163 train_acc=0.6490
Epoch 47 step 1800/2264 train_loss=0.6165 train_acc=0.6489
Epoch 47 step 1900/2264 train_loss=0.6171 train_acc=0.6486
Epoch 47 step 2000/2264 train_loss=0.6177 train_acc=0.6480
Epoch 47 step 2100/2264 train_loss=0.6179 train_acc=0.6474
Epoch 47 step 2200/2264 train_loss=0.6177 train_acc=0.6474
Epoch 47: train_loss=0.6181 train_acc=0.6467 test_loss=0.6395
  test_overall: count=9057 acc=0.6134 fpr=0.7467 recall=0.8815 auroc=0.6754
  test_single: count=7470 acc=0.6228 fpr=0.7357 recall=0.8784 auroc=0.6796
  test_overlap: count=1587 acc=0.5696 fpr=0.7921 recall=0.8978 auroc=0.6606
Epoch 48 step 100/2264 train_loss=0.6017 train_acc=0.6631
Epoch 48 step 200/2264 train_loss=0.6059 train_acc=0.6556
Epoch 48 step 300/2264 train_loss=0.6129 train_acc=0.6508
Epoch 48 step 400/2264 train_loss=0.6125 train_acc=0.6525
Epoch 48 step 500/2264 train_loss=0.6123 train_acc=0.6519
Epoch 48 step 600/2264 train_loss=0.6145 train_acc=0.6508
Epoch 48 step 700/2264 train_loss=0.6168 train_acc=0.6471
Epoch 48 step 800/2264 train_loss=0.6181 train_acc=0.6459
Epoch 48 step 900/2264 train_loss=0.6171 train_acc=0.6467
Epoch 48 step 1000/2264 train_loss=0.6171 train_acc=0.6459
Epoch 48 step 1100/2264 train_loss=0.6166 train_acc=0.6474
Epoch 48 step 1200/2264 train_loss=0.6166 train_acc=0.6472
Epoch 48 step 1300/2264 train_loss=0.6174 train_acc=0.6470
Epoch 48 step 1400/2264 train_loss=0.6172 train_acc=0.6464
Epoch 48 step 1500/2264 train_loss=0.6174 train_acc=0.6465
Epoch 48 step 1600/2264 train_loss=0.6177 train_acc=0.6463
Epoch 48 step 1700/2264 train_loss=0.6183 train_acc=0.6462
Epoch 48 step 1800/2264 train_loss=0.6174 train_acc=0.6471
Epoch 48 step 1900/2264 train_loss=0.6176 train_acc=0.6462
Epoch 48 step 2000/2264 train_loss=0.6180 train_acc=0.6458
Epoch 48 step 2100/2264 train_loss=0.6180 train_acc=0.6453
Epoch 48 step 2200/2264 train_loss=0.6179 train_acc=0.6450
Epoch 48: train_loss=0.6177 train_acc=0.6456 test_loss=0.6371
  test_overall: count=9057 acc=0.6181 fpr=0.4994 recall=0.7055 auroc=0.6717
  test_single: count=7470 acc=0.6195 fpr=0.4913 recall=0.6986 auroc=0.6753
  test_overlap: count=1587 acc=0.6112 fpr=0.5325 recall=0.7416 auroc=0.6601
Epoch 49 step 100/2264 train_loss=0.6252 train_acc=0.6306
Epoch 49 step 200/2264 train_loss=0.6167 train_acc=0.6394
Epoch 49 step 300/2264 train_loss=0.6169 train_acc=0.6415
Epoch 49 step 400/2264 train_loss=0.6138 train_acc=0.6486
Epoch 49 step 500/2264 train_loss=0.6165 train_acc=0.6448
Epoch 49 step 600/2264 train_loss=0.6159 train_acc=0.6459
Epoch 49 step 700/2264 train_loss=0.6151 train_acc=0.6465
Epoch 49 step 800/2264 train_loss=0.6155 train_acc=0.6478
Epoch 49 step 900/2264 train_loss=0.6163 train_acc=0.6487
Epoch 49 step 1000/2264 train_loss=0.6168 train_acc=0.6477
Epoch 49 step 1100/2264 train_loss=0.6174 train_acc=0.6485
Epoch 49 step 1200/2264 train_loss=0.6177 train_acc=0.6483
Epoch 49 step 1300/2264 train_loss=0.6182 train_acc=0.6469
Epoch 49 step 1400/2264 train_loss=0.6178 train_acc=0.6472
Epoch 49 step 1500/2264 train_loss=0.6186 train_acc=0.6457
Epoch 49 step 1600/2264 train_loss=0.6184 train_acc=0.6471
Epoch 49 step 1700/2264 train_loss=0.6179 train_acc=0.6477
Epoch 49 step 1800/2264 train_loss=0.6177 train_acc=0.6477
Epoch 49 step 1900/2264 train_loss=0.6176 train_acc=0.6475
Epoch 49 step 2000/2264 train_loss=0.6181 train_acc=0.6463
Epoch 49 step 2100/2264 train_loss=0.6175 train_acc=0.6464
Epoch 49 step 2200/2264 train_loss=0.6179 train_acc=0.6453
Epoch 49: train_loss=0.6179 train_acc=0.6450 test_loss=0.6366
  test_overall: count=9057 acc=0.6201 fpr=0.3889 recall=0.6267 auroc=0.6665
  test_single: count=7470 acc=0.6245 fpr=0.3849 recall=0.6312 auroc=0.6697
  test_overlap: count=1587 acc=0.5992 fpr=0.4053 recall=0.6034 auroc=0.6551
Epoch 50 step 100/2264 train_loss=0.6245 train_acc=0.6319
Epoch 50 step 200/2264 train_loss=0.6269 train_acc=0.6278
Epoch 50 step 300/2264 train_loss=0.6222 train_acc=0.6340
Epoch 50 step 400/2264 train_loss=0.6191 train_acc=0.6381
Epoch 50 step 500/2264 train_loss=0.6193 train_acc=0.6408
Epoch 50 step 600/2264 train_loss=0.6182 train_acc=0.6432
Epoch 50 step 700/2264 train_loss=0.6188 train_acc=0.6408
Epoch 50 step 800/2264 train_loss=0.6172 train_acc=0.6430
Epoch 50 step 900/2264 train_loss=0.6193 train_acc=0.6403
Epoch 50 step 1000/2264 train_loss=0.6203 train_acc=0.6403
Epoch 50 step 1100/2264 train_loss=0.6201 train_acc=0.6412
Epoch 50 step 1200/2264 train_loss=0.6201 train_acc=0.6409
Epoch 50 step 1300/2264 train_loss=0.6195 train_acc=0.6425
Epoch 50 step 1400/2264 train_loss=0.6187 train_acc=0.6438
Epoch 50 step 1500/2264 train_loss=0.6183 train_acc=0.6446
Epoch 50 step 1600/2264 train_loss=0.6176 train_acc=0.6454
Epoch 50 step 1700/2264 train_loss=0.6181 train_acc=0.6443
Epoch 50 step 1800/2264 train_loss=0.6180 train_acc=0.6446
Epoch 50 step 1900/2264 train_loss=0.6181 train_acc=0.6438
Epoch 50 step 2000/2264 train_loss=0.6177 train_acc=0.6448
Epoch 50 step 2100/2264 train_loss=0.6178 train_acc=0.6450
Epoch 50 step 2200/2264 train_loss=0.6176 train_acc=0.6456
Epoch 50: train_loss=0.6177 train_acc=0.6456 test_loss=0.6353
  test_overall: count=9057 acc=0.6226 fpr=0.6334 recall=0.8132 auroc=0.6793
  test_single: count=7470 acc=0.6264 fpr=0.6270 recall=0.8071 auroc=0.6849
  test_overlap: count=1587 acc=0.6049 fpr=0.6596 recall=0.8450 auroc=0.6526
