/home/yuyao/panopticon/dinov2/layers/swiglu_ffn.py:45: UserWarning: xFormers is disabled (SwiGLU)
  warnings.warn("xFormers is disabled (SwiGLU)")
/home/yuyao/panopticon/dinov2/layers/swiglu_ffn.py:51: UserWarning: xFormers is not available (SwiGLU)
  warnings.warn("xFormers is not available (SwiGLU)")
/home/yuyao/panopticon/dinov2/layers/attention.py:30: UserWarning: xFormers is disabled (Attention)
  warnings.warn("xFormers is disabled (Attention)")
/home/yuyao/panopticon/dinov2/layers/attention.py:34: UserWarning: xFormers is not available (Attention)
  warnings.warn("xFormers is not available (Attention)")
/home/yuyao/panopticon/dinov2/layers/block.py:35: UserWarning: xFormers is disabled (Block)
  warnings.warn("xFormers is disabled (Block)")
/home/yuyao/panopticon/dinov2/layers/block.py:40: UserWarning: xFormers is not available (Block)
  warnings.warn("xFormers is not available (Block)")
[Cache] Enabled local cache dir=/diniuvol/yuyao/local_train_temp_cache (min_free_gb=200.00)
[Cache] Warmup disabled; cache will populate lazily on first file access.
/home/yuyao/panopticon/universal_models_fusion/multi_sensor_panopticon_4_overall_boost.py:768: UserWarning: Wide-table uses EMIT columns; mapping emit_*_path to sensor key 'wv3' for this script.
  self._validate_sensor_column()
/home/yuyao/panopticon/universal_models_fusion/multi_sensor_panopticon_4_overall_boost.py:768: UserWarning: Wide-table uses EMIT columns; mapping emit_*_path to sensor key 'wv3' for this script.
  self._validate_sensor_column()
Checkpoints will be saved under: /transferdiniu2/yuyao/checkpoints/multi_sensor_overall/ovb_singlew_ctrl_all1
wandb: Currently logged in as: yuyao16 (yuyao16-university-of-alberta) to https://api.wandb.ai. Use `wandb login --relogin` to force relogin
wandb: setting up run eh9v3phx
wandb: Tracking run with wandb version 0.23.1
wandb: Run data is saved locally in /home/yuyao/panopticon/wandb/run-20260401_171748-eh9v3phx
wandb: Run `wandb offline` to turn off syncing.
wandb: Syncing run ovb_singlew_ctrl_all1
wandb: ⭐️ View project at https://wandb.ai/yuyao16-university-of-alberta/baselines
wandb: 🚀 View run at https://wandb.ai/yuyao16-university-of-alberta/baselines/runs/eh9v3phx
Using device=cuda:0, train_samples=135175, test_samples=33657, sensors=['s2', 'l89', 's5p', 'wv3'], train_backbone=True, fusion=masked_attention_pooling, sensor_aux_loss_weight=0.300, row_gate=1, non_overlap_kd_weight=0.000, gate_supervision_weight=0.020, single_fused_ce_weight=0.500, single_sensor_weights=s2:1.00,l89:1.00,s5p:1.00,wv3:1.00
[Cache][Warn] Low free space (97.70 GB) under /diniuvol/yuyao/local_train_temp_cache; falling back to remote reads.
[Cache][Warn] Low free space (97.70 GB) under /diniuvol/yuyao/local_train_temp_cache; falling back to remote reads.
[Cache][Warn] Low free space (97.70 GB) under /diniuvol/yuyao/local_train_temp_cache; falling back to remote reads.
[Cache][Warn] Low free space (97.70 GB) under /diniuvol/yuyao/local_train_temp_cache; falling back to remote reads.
[Cache][Warn] Low free space (97.70 GB) under /diniuvol/yuyao/local_train_temp_cache; falling back to remote reads.
[Cache][Warn] Low free space (97.70 GB) under /diniuvol/yuyao/local_train_temp_cache; falling back to remote reads.
[Cache][Warn] Low free space (97.70 GB) under /diniuvol/yuyao/local_train_temp_cache; falling back to remote reads.
[Cache][Warn] Low free space (97.70 GB) under /diniuvol/yuyao/local_train_temp_cache; falling back to remote reads.
